dataset=traffic mode=uni M=112 P=24 context=384 horizon=96 train=11801 test=427
[done] snaive     {'MSE': 0.9626, 'MAE': 0.4874}
[done] smean      {'MSE': 0.5175, 'MAE': 0.384}
/nyx-storage1/hanliu/miniconda3/envs/wm4ts/lib/python3.10/site-packages/transformers/utils/hub.py:128: FutureWarning: Using `TRANSFORMERS_CACHE` is deprecated and will be removed in v5 of Transformers. Use `HF_HOME` instead.
  warnings.warn(
[info] tune=adapter trainable=3662880/89888544 (4.07%)
[info] ep0 step 0 loss 1.1562
[info] ep0 step 200 loss 0.6274
[info] ep0 step 400 loss 0.4069
[info] ep0 step 600 loss 0.3910
[info] ep0 step 800 loss 0.3221
[info] ep0 step 1000 loss 0.4576
[info] ep0 step 1200 loss 0.5567
[info] ep0 step 1400 loss 0.2606
[info] ep0 step 1600 loss 0.2982
[info] ep0 step 1800 loss 0.3184
[info] ep0 step 2000 loss 0.2011
[info] ep0 step 2200 loss 0.2977
[info] ep0 step 2400 loss 0.4088
[info] epoch 0 train MSE 0.4201
[info] ep1 step 0 loss 0.2471
[info] ep1 step 200 loss 0.3448
[info] ep1 step 400 loss 0.3863
[info] ep1 step 600 loss 0.2269
[info] ep1 step 800 loss 0.2841
[info] ep1 step 1000 loss 0.3009
[info] ep1 step 1200 loss 0.2852
[info] ep1 step 1400 loss 0.3178
[info] ep1 step 1600 loss 0.3143
[info] ep1 step 1800 loss 0.2542
[info] ep1 step 2000 loss 0.4020
[info] ep1 step 2200 loss 0.1327
[info] ep1 step 2400 loss 0.2697
[info] epoch 1 train MSE 0.2968
[info] ep2 step 0 loss 0.2394
[info] ep2 step 200 loss 0.2161
[info] ep2 step 400 loss 0.1632
[info] ep2 step 600 loss 0.2383
[info] ep2 step 800 loss 0.2783
[info] ep2 step 1000 loss 0.3246
[info] ep2 step 1200 loss 0.1939
[info] ep2 step 1400 loss 0.2359
[info] ep2 step 1600 loss 0.3193
[info] ep2 step 1800 loss 0.2266
[info] ep2 step 2000 loss 0.3068
[info] ep2 step 2200 loss 0.3419
[info] ep2 step 2400 loss 0.2552
[info] epoch 2 train MSE 0.2812
[done] video_uni_adapter_s0 MSE=0.3762 MAE=0.3445
{
  "snaive": {
    "MSE": 0.9626,
    "MAE": 0.4874
  },
  "smean": {
    "MSE": 0.5175,
    "MAE": 0.384
  },
  "video_uni_adapter_s0": {
    "MSE": 0.3762,
    "MAE": 0.3445
  }
}
