dataset=ETTh1 mode=uni M=7 P=24 context=384 horizon=96 train=8161 test=349
[done] snaive     {'MSE': 0.512, 'MAE': 0.4332}
[done] smean      {'MSE': 0.4022, 'MAE': 0.4083}
/nyx-storage1/hanliu/miniconda3/envs/wm4ts/lib/python3.10/site-packages/transformers/utils/hub.py:128: FutureWarning: Using `TRANSFORMERS_CACHE` is deprecated and will be removed in v5 of Transformers. Use `HF_HOME` instead.
  warnings.warn(
[info] tune=adapter trainable=3662880/89888544 (4.07%)
[info] ep0 step 0 loss 0.9354
[info] ep0 step 200 loss 0.5292
[info] ep0 step 400 loss 0.4942
[info] ep0 step 600 loss 0.4870
[info] ep0 step 800 loss 0.4298
[info] ep0 step 1000 loss 0.3319
[info] ep0 step 1200 loss 0.4151
[info] ep0 step 1400 loss 0.5462
[info] ep0 step 1600 loss 0.3050
[info] ep0 step 1800 loss 0.2733
[info] ep0 step 2000 loss 0.3348
[info] ep0 step 2200 loss 0.6331
[info] ep0 step 2400 loss 0.3857
[info] epoch 0 train MSE 0.4090
[info] ep1 step 0 loss 0.3981
[info] ep1 step 200 loss 0.4332
[info] ep1 step 400 loss 0.3152
[info] ep1 step 600 loss 0.2380
[info] ep1 step 800 loss 0.2339
[info] ep1 step 1000 loss 0.2775
[info] ep1 step 1200 loss 0.3949
[info] ep1 step 1400 loss 0.6044
[info] ep1 step 1600 loss 0.2843
[info] ep1 step 1800 loss 0.3675
[info] ep1 step 2000 loss 0.2843
[info] ep1 step 2200 loss 0.4831
[info] ep1 step 2400 loss 0.3562
[info] epoch 1 train MSE 0.3341
[info] ep2 step 0 loss 0.2392
[info] ep2 step 200 loss 0.3623
[info] ep2 step 400 loss 0.2429
[info] ep2 step 600 loss 0.4338
[info] ep2 step 800 loss 0.5431
[info] ep2 step 1000 loss 0.2426
[info] ep2 step 1200 loss 0.3096
[info] ep2 step 1400 loss 0.2634
[info] ep2 step 1600 loss 0.2183
[info] ep2 step 1800 loss 0.3318
[info] ep2 step 2000 loss 0.2715
[info] ep2 step 2200 loss 0.1796
[info] ep2 step 2400 loss 0.2983
[info] epoch 2 train MSE 0.3139
[done] video_uni_adapter_s0 MSE=0.4079 MAE=0.4260
{
  "snaive": {
    "MSE": 0.512,
    "MAE": 0.4332
  },
  "smean": {
    "MSE": 0.4022,
    "MAE": 0.4083
  },
  "video_uni_adapter_s0": {
    "MSE": 0.4079,
    "MAE": 0.426
  }
}
