dataset=electricity mode=uni M=112 P=24 context=384 horizon=96 train=17933 test=646
[done] snaive     {'MSE': 0.3401, 'MAE': 0.3334}
[done] smean      {'MSE': 0.2071, 'MAE': 0.2886}
/nyx-storage1/hanliu/miniconda3/envs/wm4ts/lib/python3.10/site-packages/transformers/utils/hub.py:128: FutureWarning: Using `TRANSFORMERS_CACHE` is deprecated and will be removed in v5 of Transformers. Use `HF_HOME` instead.
  warnings.warn(
[info] tune=adapter trainable=3662880/89890080 (4.07%)
[info] ep0 step 0 loss 0.9566
[info] ep0 step 200 loss 0.2068
[info] ep0 step 400 loss 0.2204
[info] ep0 step 600 loss 0.1801
[info] ep0 step 800 loss 0.6283
[info] ep0 step 1000 loss 0.1157
[info] ep0 step 1200 loss 0.2473
[info] ep0 step 1400 loss 0.1281
[info] ep0 step 1600 loss 0.1232
[info] ep0 step 1800 loss 0.1534
[info] ep0 step 2000 loss 0.1283
[info] ep0 step 2200 loss 0.4060
[info] ep0 step 2400 loss 0.2385
[info] epoch 0 train MSE 0.2357
[info] ep1 step 0 loss 0.1667
[info] ep1 step 200 loss 0.1485
[info] ep1 step 400 loss 0.1549
[info] ep1 step 600 loss 0.1424
[info] ep1 step 800 loss 0.3067
[info] ep1 step 1000 loss 0.1580
[info] ep1 step 1200 loss 0.1545
[info] ep1 step 1400 loss 0.1980
[info] ep1 step 1600 loss 0.1561
[info] ep1 step 1800 loss 0.1544
[info] ep1 step 2000 loss 0.1857
[info] ep1 step 2200 loss 0.1820
[info] ep1 step 2400 loss 0.2164
[info] epoch 1 train MSE 0.1627
[info] ep2 step 0 loss 0.1362
[info] ep2 step 200 loss 0.1281
[info] ep2 step 400 loss 0.1188
[info] ep2 step 600 loss 0.1217
[info] ep2 step 800 loss 0.1568
[info] ep2 step 1000 loss 0.3409
[info] ep2 step 1200 loss 0.1185
[info] ep2 step 1400 loss 0.1032
[info] ep2 step 1600 loss 0.1739
[info] ep2 step 1800 loss 0.1592
[info] ep2 step 2000 loss 0.1435
[info] ep2 step 2200 loss 0.1166
[info] ep2 step 2400 loss 0.1398
[info] epoch 2 train MSE 0.1552
[W830 00:21:02.641646013 CUDACachingAllocator.cpp:3933] memory allocation failed with OOM on device 0 while trying to allocate 4932501504 bytes (free: 4507762688, total: 47696969728).
[W830 00:21:03.527141485 CUDACachingAllocator.cpp:3933] memory allocation failed with OOM on device 0 while trying to allocate 4932501504 bytes (free: 1640955904, total: 47696969728).
[W830 00:21:03.527275898 CUDACachingAllocator.cpp:3933] memory allocation failed with OOM on device 0 while trying to allocate 4932501504 bytes (free: 1640955904, total: 47696969728).
Traceback (most recent call last):
  File "/home/mzh1800/WorldModel4TS/pilot/run_field_lora.py", line 461, in <module>
    main()
  File "/home/mzh1800/WorldModel4TS/pilot/run_field_lora.py", line 424, in main
    pred = run(model, Xtr, Ytr, Xte_u, Yte_u, args.epochs, args.lr,
  File "/home/mzh1800/WorldModel4TS/pilot/run_field_lora.py", line 350, in run
    preds.append(model(xb).cpu().numpy())
  File "/nyx-storage1/hanliu/miniconda3/envs/wm4ts/lib/python3.10/site-packages/torch/nn/modules/module.py", line 1778, in _wrapped_call_impl
    return self._call_impl(*args, **kwargs)
  File "/nyx-storage1/hanliu/miniconda3/envs/wm4ts/lib/python3.10/site-packages/torch/nn/modules/module.py", line 1789, in _call_impl
    return forward_call(*args, **kwargs)
  File "/home/mzh1800/WorldModel4TS/pilot/run_field_lora.py", line 245, in forward
    return self._forward_adapter(x)
  File "/home/mzh1800/WorldModel4TS/pilot/run_field_lora.py", line 230, in _forward_adapter
    tokens = self.enc(pixel_values=vid).last_hidden_state  # [B, N, d] (frozen)
  File "/nyx-storage1/hanliu/miniconda3/envs/wm4ts/lib/python3.10/site-packages/torch/nn/modules/module.py", line 1778, in _wrapped_call_impl
    return self._call_impl(*args, **kwargs)
  File "/nyx-storage1/hanliu/miniconda3/envs/wm4ts/lib/python3.10/site-packages/torch/nn/modules/module.py", line 1789, in _call_impl
    return forward_call(*args, **kwargs)
  File "/nyx-storage1/hanliu/miniconda3/envs/wm4ts/lib/python3.10/site-packages/transformers/models/videomae/modeling_videomae.py", line 697, in forward
    encoder_outputs = self.encoder(
  File "/nyx-storage1/hanliu/miniconda3/envs/wm4ts/lib/python3.10/site-packages/torch/nn/modules/module.py", line 1778, in _wrapped_call_impl
    return self._call_impl(*args, **kwargs)
  File "/nyx-storage1/hanliu/miniconda3/envs/wm4ts/lib/python3.10/site-packages/torch/nn/modules/module.py", line 1789, in _call_impl
    return forward_call(*args, **kwargs)
  File "/nyx-storage1/hanliu/miniconda3/envs/wm4ts/lib/python3.10/site-packages/transformers/models/videomae/modeling_videomae.py", line 481, in forward
    layer_outputs = layer_module(hidden_states, layer_head_mask, output_attentions)
  File "/nyx-storage1/hanliu/miniconda3/envs/wm4ts/lib/python3.10/site-packages/torch/nn/modules/module.py", line 1778, in _wrapped_call_impl
    return self._call_impl(*args, **kwargs)
  File "/nyx-storage1/hanliu/miniconda3/envs/wm4ts/lib/python3.10/site-packages/torch/nn/modules/module.py", line 1789, in _call_impl
    return forward_call(*args, **kwargs)
  File "/nyx-storage1/hanliu/miniconda3/envs/wm4ts/lib/python3.10/site-packages/transformers/models/videomae/modeling_videomae.py", line 438, in forward
    layer_output = self.intermediate(layer_output)
  File "/nyx-storage1/hanliu/miniconda3/envs/wm4ts/lib/python3.10/site-packages/torch/nn/modules/module.py", line 1778, in _wrapped_call_impl
    return self._call_impl(*args, **kwargs)
  File "/nyx-storage1/hanliu/miniconda3/envs/wm4ts/lib/python3.10/site-packages/torch/nn/modules/module.py", line 1789, in _call_impl
    return forward_call(*args, **kwargs)
  File "/nyx-storage1/hanliu/miniconda3/envs/wm4ts/lib/python3.10/site-packages/transformers/models/videomae/modeling_videomae.py", line 381, in forward
    hidden_states = self.intermediate_act_fn(hidden_states)
  File "/nyx-storage1/hanliu/miniconda3/envs/wm4ts/lib/python3.10/site-packages/torch/nn/modules/module.py", line 1778, in _wrapped_call_impl
    return self._call_impl(*args, **kwargs)
  File "/nyx-storage1/hanliu/miniconda3/envs/wm4ts/lib/python3.10/site-packages/torch/nn/modules/module.py", line 1789, in _call_impl
    return forward_call(*args, **kwargs)
  File "/nyx-storage1/hanliu/miniconda3/envs/wm4ts/lib/python3.10/site-packages/transformers/activations.py", line 78, in forward
    return self.act(input)
torch.OutOfMemoryError: CUDA out of memory. Tried to allocate 4.59 GiB. GPU 0 has a total capacity of 44.42 GiB of which 1.53 GiB is free. Process 2303362 has 28.33 GiB memory in use. Including non-PyTorch memory, this process has 14.55 GiB memory in use. Of the allocated memory 11.87 GiB is allocated by PyTorch, and 2.36 GiB is reserved by PyTorch but unallocated. If reserved but unallocated memory is large try setting PYTORCH_CUDA_ALLOC_CONF=expandable_segments:True to avoid fragmentation.  See documentation for Memory Management  (https://docs.pytorch.org/docs/stable/notes/cuda.html#optimizing-memory-usage-with-pytorch-cuda-alloc-conf)
