dataset=electricity mode=uni M=112 P=24 context=384 horizon=96 train=17933 test=646
[done] snaive     {'MSE': 0.3401, 'MAE': 0.3334}
[done] smean      {'MSE': 0.2071, 'MAE': 0.2886}
/nyx-storage1/hanliu/miniconda3/envs/wm4ts/lib/python3.10/site-packages/transformers/utils/hub.py:128: FutureWarning: Using `TRANSFORMERS_CACHE` is deprecated and will be removed in v5 of Transformers. Use `HF_HOME` instead.
  warnings.warn(
[info] tune=adapter trainable=3662880/89888544 (4.07%)
[info] ep0 step 0 loss 0.9566
[info] ep0 step 200 loss 0.2037
[info] ep0 step 400 loss 0.2141
[info] ep0 step 600 loss 0.1874
[info] ep0 step 800 loss 0.6846
[info] ep0 step 1000 loss 0.1169
[info] ep0 step 1200 loss 0.2555
[info] ep0 step 1400 loss 0.1356
[info] ep0 step 1600 loss 0.1274
[info] ep0 step 1800 loss 0.1571
[info] ep0 step 2000 loss 0.1305
[info] ep0 step 2200 loss 0.4040
[info] ep0 step 2400 loss 0.2463
[info] epoch 0 train MSE 0.2395
[info] ep1 step 0 loss 0.1736
[info] ep1 step 200 loss 0.1527
[info] ep1 step 400 loss 0.1582
[info] ep1 step 600 loss 0.1512
[info] ep1 step 800 loss 0.3105
[info] ep1 step 1000 loss 0.1623
[info] ep1 step 1200 loss 0.1561
[info] ep1 step 1400 loss 0.2007
[info] ep1 step 1600 loss 0.1576
[info] ep1 step 1800 loss 0.1560
[info] ep1 step 2000 loss 0.1902
[info] ep1 step 2200 loss 0.1848
[info] ep1 step 2400 loss 0.2102
[info] epoch 1 train MSE 0.1651
[info] ep2 step 0 loss 0.1328
[info] ep2 step 200 loss 0.1261
[info] ep2 step 400 loss 0.1180
[info] ep2 step 600 loss 0.1273
[info] ep2 step 800 loss 0.1582
[info] ep2 step 1000 loss 0.3545
[info] ep2 step 1200 loss 0.1174
[info] ep2 step 1400 loss 0.1062
[info] ep2 step 1600 loss 0.1769
[info] ep2 step 1800 loss 0.1630
[info] ep2 step 2000 loss 0.1450
[info] ep2 step 2200 loss 0.1184
[info] ep2 step 2400 loss 0.1373
[info] epoch 2 train MSE 0.1573
[done] video_uni_adapter_s0 MSE=0.1473 MAE=0.2555
{
  "snaive": {
    "MSE": 0.3401,
    "MAE": 0.3334
  },
  "smean": {
    "MSE": 0.2071,
    "MAE": 0.2886
  },
  "video_uni_adapter_s0": {
    "MSE": 0.1473,
    "MAE": 0.2555
  }
}
