dataset=ETTh2 mode=uni M=7 P=24 context=384 horizon=96 train=8161 test=349
[done] snaive     {'MSE': 0.3899, 'MAE': 0.3798}
[done] smean      {'MSE': 0.3496, 'MAE': 0.3936}
/nyx-storage1/hanliu/miniconda3/envs/wm4ts/lib/python3.10/site-packages/transformers/utils/hub.py:128: FutureWarning: Using `TRANSFORMERS_CACHE` is deprecated and will be removed in v5 of Transformers. Use `HF_HOME` instead.
  warnings.warn(
[info] tune=adapter trainable=3662880/89888544 (4.07%)
[info] ep0 step 0 loss 0.4011
[info] ep0 step 200 loss 0.6087
[info] ep0 step 400 loss 0.8971
[info] ep0 step 600 loss 0.1793
[info] ep0 step 800 loss 0.6108
[info] ep0 step 1000 loss 0.1135
[info] ep0 step 1200 loss 1.5459
[info] ep0 step 1400 loss 0.8296
[info] ep0 step 1600 loss 0.2168
[info] ep0 step 1800 loss 0.1956
[info] ep0 step 2000 loss 0.1598
[info] ep0 step 2200 loss 0.1437
[info] ep0 step 2400 loss 0.1788
[info] epoch 0 train MSE 0.4533
[info] ep1 step 0 loss 0.1413
[info] ep1 step 200 loss 0.1875
[info] ep1 step 400 loss 0.1479
[info] ep1 step 600 loss 0.3604
[info] ep1 step 800 loss 0.2289
[info] ep1 step 1000 loss 0.3103
[info] ep1 step 1200 loss 0.1281
[info] ep1 step 1400 loss 0.4784
[info] ep1 step 1600 loss 0.3970
[info] ep1 step 1800 loss 0.3144
[info] ep1 step 2000 loss 0.2270
[info] ep1 step 2200 loss 0.4081
[info] ep1 step 2400 loss 0.2501
[info] epoch 1 train MSE 0.3653
[info] ep2 step 0 loss 0.1546
[info] ep2 step 200 loss 0.3723
[info] ep2 step 400 loss 0.5017
[info] ep2 step 600 loss 0.2617
[info] ep2 step 800 loss 0.1966
[info] ep2 step 1000 loss 0.1485
[info] ep2 step 1200 loss 0.3473
[info] ep2 step 1400 loss 0.1105
[info] ep2 step 1600 loss 0.1373
[info] ep2 step 1800 loss 0.2670
[info] ep2 step 2000 loss 0.2655
[info] ep2 step 2200 loss 0.1645
[info] ep2 step 2400 loss 0.2586
[info] epoch 2 train MSE 0.3343
[done] video_uni_adapter_s0 MSE=0.2925 MAE=0.3550
{
  "snaive": {
    "MSE": 0.3899,
    "MAE": 0.3798
  },
  "smean": {
    "MSE": 0.3496,
    "MAE": 0.3936
  },
  "video_uni_adapter_s0": {
    "MSE": 0.2925,
    "MAE": 0.355
  }
}
