dataset=traffic mode=uni M=112 P=24 context=384 horizon=96 train=11801 test=427
[done] snaive     {'MSE': 0.9626, 'MAE': 0.4874}
[done] smean      {'MSE': 0.5175, 'MAE': 0.384}
/nyx-storage1/hanliu/miniconda3/envs/wm4ts/lib/python3.10/site-packages/transformers/utils/hub.py:128: FutureWarning: Using `TRANSFORMERS_CACHE` is deprecated and will be removed in v5 of Transformers. Use `HF_HOME` instead.
  warnings.warn(
[info] tune=adapter trainable=3662880/89890080 (4.07%)
[info] ep0 step 0 loss 1.1562
[info] ep0 step 200 loss 0.6110
[info] ep0 step 400 loss 0.4081
[info] ep0 step 600 loss 0.3945
[info] ep0 step 800 loss 0.3208
[info] ep0 step 1000 loss 0.4570
[info] ep0 step 1200 loss 0.5628
[info] ep0 step 1400 loss 0.2632
[info] ep0 step 1600 loss 0.2998
[info] ep0 step 1800 loss 0.3209
[info] ep0 step 2000 loss 0.2018
[info] ep0 step 2200 loss 0.3050
[info] ep0 step 2400 loss 0.4099
[info] epoch 0 train MSE 0.4209
[info] ep1 step 0 loss 0.2436
[info] ep1 step 200 loss 0.3603
[info] ep1 step 400 loss 0.3917
[info] ep1 step 600 loss 0.2250
[info] ep1 step 800 loss 0.2848
[info] ep1 step 1000 loss 0.3089
[info] ep1 step 1200 loss 0.2871
[info] ep1 step 1400 loss 0.3177
[info] ep1 step 1600 loss 0.3270
[info] ep1 step 1800 loss 0.2628
[info] ep1 step 2000 loss 0.3989
[info] ep1 step 2200 loss 0.1328
[info] ep1 step 2400 loss 0.2705
[info] epoch 1 train MSE 0.2991
[info] ep2 step 0 loss 0.2414
[info] ep2 step 200 loss 0.2203
[info] ep2 step 400 loss 0.1608
[info] ep2 step 600 loss 0.2359
[info] ep2 step 800 loss 0.2862
[info] ep2 step 1000 loss 0.3261
[info] ep2 step 1200 loss 0.1985
[info] ep2 step 1400 loss 0.2412
[info] ep2 step 1600 loss 0.3206
[info] ep2 step 1800 loss 0.2300
[info] ep2 step 2000 loss 0.3190
[info] ep2 step 2200 loss 0.3465
[info] ep2 step 2400 loss 0.2533
[info] epoch 2 train MSE 0.2842
[done] video_uni_adapter_s0 MSE=0.3781 MAE=0.3439
{
  "snaive": {
    "MSE": 0.9626,
    "MAE": 0.4874
  },
  "smean": {
    "MSE": 0.5175,
    "MAE": 0.384
  },
  "video_uni_adapter_s0": {
    "MSE": 0.3781,
    "MAE": 0.3439
  }
}
