dataset=electricity mode=uni M=112 P=24 context=384 horizon=96 train=17933 test=646
[done] snaive     {'MSE': 0.3401, 'MAE': 0.3334}
[done] smean      {'MSE': 0.2071, 'MAE': 0.2886}
/nyx-storage1/hanliu/miniconda3/envs/wm4ts/lib/python3.10/site-packages/transformers/utils/hub.py:128: FutureWarning: Using `TRANSFORMERS_CACHE` is deprecated and will be removed in v5 of Transformers. Use `HF_HOME` instead.
  warnings.warn(
[info] ep0 step 0 loss 0.7568
[info] ep0 step 200 loss 0.1457
[info] ep0 step 400 loss 0.1828
[info] ep0 step 600 loss 0.1312
[info] ep0 step 800 loss 0.4579
[info] ep0 step 1000 loss 0.1023
[info] ep0 step 1200 loss 0.2332
[info] ep0 step 1400 loss 0.1126
[info] ep0 step 1600 loss 0.0907
[info] ep0 step 1800 loss 0.1241
[info] ep0 step 2000 loss 0.0980
[info] ep0 step 2200 loss 0.3609
[info] ep0 step 2400 loss 0.2113
[info] epoch 0 train MSE 0.1964
[info] ep1 step 0 loss 0.1616
[info] ep1 step 200 loss 0.1397
[info] ep1 step 400 loss 0.1360
[info] ep1 step 600 loss 0.1185
[info] ep1 step 800 loss 0.2612
[info] ep1 step 1000 loss 0.1368
[info] ep1 step 1200 loss 0.1353
[info] ep1 step 1400 loss 0.1857
[info] ep1 step 1600 loss 0.1265
[info] ep1 step 1800 loss 0.1419
[info] ep1 step 2000 loss 0.1640
[info] ep1 step 2200 loss 0.1717
[info] ep1 step 2400 loss 0.1725
[info] epoch 1 train MSE 0.1391
[info] ep2 step 0 loss 0.1019
[info] ep2 step 200 loss 0.0828
[info] ep2 step 400 loss 0.0962
[info] ep2 step 600 loss 0.0908
[info] ep2 step 800 loss 0.1234
[info] ep2 step 1000 loss 0.2847
[info] ep2 step 1200 loss 0.0908
[info] ep2 step 1400 loss 0.0902
[info] ep2 step 1600 loss 0.1402
[info] ep2 step 1800 loss 0.1182
[info] ep2 step 2000 loss 0.1225
[info] ep2 step 2200 loss 0.0965
[info] ep2 step 2400 loss 0.1147
[info] epoch 2 train MSE 0.1195
[done] video_uni_vts_s0 MSE=0.1262 MAE=0.2276
{
  "snaive": {
    "MSE": 0.3401,
    "MAE": 0.3334
  },
  "smean": {
    "MSE": 0.2071,
    "MAE": 0.2886
  },
  "video_uni_vts_s0": {
    "MSE": 0.1262,
    "MAE": 0.2276
  }
}
