dataset=ETTh2 mode=uni M=7 P=24 context=384 horizon=96 train=8161 test=349
[done] snaive     {'MSE': 0.3899, 'MAE': 0.3798}
[done] smean      {'MSE': 0.3496, 'MAE': 0.3936}
/nyx-storage1/hanliu/miniconda3/envs/wm4ts/lib/python3.10/site-packages/transformers/utils/hub.py:128: FutureWarning: Using `TRANSFORMERS_CACHE` is deprecated and will be removed in v5 of Transformers. Use `HF_HOME` instead.
  warnings.warn(
[info] tune=adapter trainable=9356832/640961312 (1.46%)
[info] ep0 step 0 loss 0.3813
[info] ep0 step 200 loss 0.6111
[info] ep0 step 400 loss 0.9650
[info] ep0 step 600 loss 0.1824
[info] ep0 step 800 loss 0.6185
[info] ep0 step 1000 loss 0.1046
[info] ep0 step 1200 loss 1.4322
[info] ep0 step 1400 loss 0.8336
[info] ep0 step 1600 loss 0.2006
[info] ep0 step 1800 loss 0.1959
[info] ep0 step 2000 loss 0.1659
[info] ep0 step 2200 loss 0.1615
[info] ep0 step 2400 loss 0.1354
[info] epoch 0 train MSE 0.4410
[info] ep1 step 0 loss 0.1443
[info] ep1 step 200 loss 0.1778
[info] ep1 step 400 loss 0.1592
[info] ep1 step 600 loss 0.3262
[info] ep1 step 800 loss 0.2318
[info] ep1 step 1000 loss 0.2867
[info] ep1 step 1200 loss 0.1420
[info] ep1 step 1400 loss 0.4028
[info] ep1 step 1600 loss 0.3586
[info] ep1 step 1800 loss 0.2763
[info] ep1 step 2000 loss 0.2286
[info] ep1 step 2200 loss 0.3863
[info] ep1 step 2400 loss 0.2502
[info] epoch 1 train MSE 0.3267
[info] ep2 step 0 loss 0.1591
[info] ep2 step 200 loss 0.3190
[info] ep2 step 400 loss 0.4007
[info] ep2 step 600 loss 0.2751
[info] ep2 step 800 loss 0.1972
[info] ep2 step 1000 loss 0.1338
[info] ep2 step 1200 loss 0.2647
[info] ep2 step 1400 loss 0.0857
[info] ep2 step 1600 loss 0.1208
[info] ep2 step 1800 loss 0.2517
[info] ep2 step 2000 loss 0.2068
[info] ep2 step 2200 loss 0.1455
[info] ep2 step 2400 loss 0.2236
[info] epoch 2 train MSE 0.2820
[W829 23:35:18.420801531 CUDACachingAllocator.cpp:3933] memory allocation failed with OOM on device 0 while trying to allocate 8220835840 bytes (free: 8198815744, total: 47696969728).
[W829 23:35:19.999922181 CUDACachingAllocator.cpp:3933] memory allocation failed with OOM on device 0 while trying to allocate 8220835840 bytes (free: 7445938176, total: 47696969728).
[W829 23:35:19.000151537 CUDACachingAllocator.cpp:3933] memory allocation failed with OOM on device 0 while trying to allocate 8220835840 bytes (free: 7445938176, total: 47696969728).
Traceback (most recent call last):
  File "/home/mzh1800/WorldModel4TS/pilot/run_field_lora.py", line 461, in <module>
    main()
  File "/home/mzh1800/WorldModel4TS/pilot/run_field_lora.py", line 424, in main
    pred = run(model, Xtr, Ytr, Xte_u, Yte_u, args.epochs, args.lr,
  File "/home/mzh1800/WorldModel4TS/pilot/run_field_lora.py", line 350, in run
    preds.append(model(xb).cpu().numpy())
  File "/nyx-storage1/hanliu/miniconda3/envs/wm4ts/lib/python3.10/site-packages/torch/nn/modules/module.py", line 1778, in _wrapped_call_impl
    return self._call_impl(*args, **kwargs)
  File "/nyx-storage1/hanliu/miniconda3/envs/wm4ts/lib/python3.10/site-packages/torch/nn/modules/module.py", line 1789, in _call_impl
    return forward_call(*args, **kwargs)
  File "/home/mzh1800/WorldModel4TS/pilot/run_field_lora.py", line 245, in forward
    return self._forward_adapter(x)
  File "/home/mzh1800/WorldModel4TS/pilot/run_field_lora.py", line 230, in _forward_adapter
    tokens = self.enc(pixel_values=vid).last_hidden_state  # [B, N, d] (frozen)
  File "/nyx-storage1/hanliu/miniconda3/envs/wm4ts/lib/python3.10/site-packages/torch/nn/modules/module.py", line 1778, in _wrapped_call_impl
    return self._call_impl(*args, **kwargs)
  File "/nyx-storage1/hanliu/miniconda3/envs/wm4ts/lib/python3.10/site-packages/torch/nn/modules/module.py", line 1789, in _call_impl
    return forward_call(*args, **kwargs)
  File "/nyx-storage1/hanliu/miniconda3/envs/wm4ts/lib/python3.10/site-packages/transformers/models/videomae/modeling_videomae.py", line 697, in forward
    encoder_outputs = self.encoder(
  File "/nyx-storage1/hanliu/miniconda3/envs/wm4ts/lib/python3.10/site-packages/torch/nn/modules/module.py", line 1778, in _wrapped_call_impl
    return self._call_impl(*args, **kwargs)
  File "/nyx-storage1/hanliu/miniconda3/envs/wm4ts/lib/python3.10/site-packages/torch/nn/modules/module.py", line 1789, in _call_impl
    return forward_call(*args, **kwargs)
  File "/nyx-storage1/hanliu/miniconda3/envs/wm4ts/lib/python3.10/site-packages/transformers/models/videomae/modeling_videomae.py", line 481, in forward
    layer_outputs = layer_module(hidden_states, layer_head_mask, output_attentions)
  File "/nyx-storage1/hanliu/miniconda3/envs/wm4ts/lib/python3.10/site-packages/torch/nn/modules/module.py", line 1778, in _wrapped_call_impl
    return self._call_impl(*args, **kwargs)
  File "/nyx-storage1/hanliu/miniconda3/envs/wm4ts/lib/python3.10/site-packages/torch/nn/modules/module.py", line 1789, in _call_impl
    return forward_call(*args, **kwargs)
  File "/nyx-storage1/hanliu/miniconda3/envs/wm4ts/lib/python3.10/site-packages/transformers/models/videomae/modeling_videomae.py", line 438, in forward
    layer_output = self.intermediate(layer_output)
  File "/nyx-storage1/hanliu/miniconda3/envs/wm4ts/lib/python3.10/site-packages/torch/nn/modules/module.py", line 1778, in _wrapped_call_impl
    return self._call_impl(*args, **kwargs)
  File "/nyx-storage1/hanliu/miniconda3/envs/wm4ts/lib/python3.10/site-packages/torch/nn/modules/module.py", line 1789, in _call_impl
    return forward_call(*args, **kwargs)
  File "/nyx-storage1/hanliu/miniconda3/envs/wm4ts/lib/python3.10/site-packages/transformers/models/videomae/modeling_videomae.py", line 381, in forward
    hidden_states = self.intermediate_act_fn(hidden_states)
  File "/nyx-storage1/hanliu/miniconda3/envs/wm4ts/lib/python3.10/site-packages/torch/nn/modules/module.py", line 1778, in _wrapped_call_impl
    return self._call_impl(*args, **kwargs)
  File "/nyx-storage1/hanliu/miniconda3/envs/wm4ts/lib/python3.10/site-packages/torch/nn/modules/module.py", line 1789, in _call_impl
    return forward_call(*args, **kwargs)
  File "/nyx-storage1/hanliu/miniconda3/envs/wm4ts/lib/python3.10/site-packages/transformers/activations.py", line 78, in forward
    return self.act(input)
torch.OutOfMemoryError: CUDA out of memory. Tried to allocate 7.66 GiB. GPU 0 has a total capacity of 44.42 GiB of which 6.93 GiB is free. Including non-PyTorch memory, this process has 21.28 GiB memory in use. Process 374214 has 16.19 GiB memory in use. Of the allocated memory 20.16 GiB is allocated by PyTorch, and 820.93 MiB is reserved by PyTorch but unallocated. If reserved but unallocated memory is large try setting PYTORCH_CUDA_ALLOC_CONF=expandable_segments:True to avoid fragmentation.  See documentation for Memory Management  (https://docs.pytorch.org/docs/stable/notes/cuda.html#optimizing-memory-usage-with-pytorch-cuda-alloc-conf)
