dataset=ETTh1 mode=uni M=7 P=24 context=384 horizon=96 train=8161 test=349
[done] snaive     {'MSE': 0.512, 'MAE': 0.4332}
[done] smean      {'MSE': 0.4022, 'MAE': 0.4083}
/nyx-storage1/hanliu/miniconda3/envs/wm4ts/lib/python3.10/site-packages/transformers/utils/hub.py:128: FutureWarning: Using `TRANSFORMERS_CACHE` is deprecated and will be removed in v5 of Transformers. Use `HF_HOME` instead.
  warnings.warn(
[info] tune=adapter trainable=9356832/640961312 (1.46%)
[info] ep0 step 0 loss 0.9448
[info] ep0 step 200 loss 0.5429
[info] ep0 step 400 loss 0.5188
[info] ep0 step 600 loss 0.5148
[info] ep0 step 800 loss 0.4235
[info] ep0 step 1000 loss 0.3075
[info] ep0 step 1200 loss 0.4475
[info] ep0 step 1400 loss 0.5588
[info] ep0 step 1600 loss 0.2949
[info] ep0 step 1800 loss 0.2858
[info] ep0 step 2000 loss 0.3101
[info] ep0 step 2200 loss 0.6860
[info] ep0 step 2400 loss 0.3907
[info] epoch 0 train MSE 0.4150
[info] ep1 step 0 loss 0.4215
[info] ep1 step 200 loss 0.4184
[info] ep1 step 400 loss 0.3078
[info] ep1 step 600 loss 0.2445
[info] ep1 step 800 loss 0.2522
[info] ep1 step 1000 loss 0.3124
[info] ep1 step 1200 loss 0.3809
[info] ep1 step 1400 loss 0.5360
[info] ep1 step 1600 loss 0.2793
[info] ep1 step 1800 loss 0.3707
[info] ep1 step 2000 loss 0.2923
[info] ep1 step 2200 loss 0.4895
[info] ep1 step 2400 loss 0.3538
[info] epoch 1 train MSE 0.3383
[info] ep2 step 0 loss 0.2453
[info] ep2 step 200 loss 0.3484
[info] ep2 step 400 loss 0.2496
[info] ep2 step 600 loss 0.3645
[info] ep2 step 800 loss 0.5146
[info] ep2 step 1000 loss 0.2541
[info] ep2 step 1200 loss 0.3757
[info] ep2 step 1400 loss 0.2643
[info] ep2 step 1600 loss 0.2294
[info] ep2 step 1800 loss 0.3170
[info] ep2 step 2000 loss 0.2391
[info] ep2 step 2200 loss 0.1803
[info] ep2 step 2400 loss 0.3149
[info] epoch 2 train MSE 0.3179
[W829 22:26:54.041762225 CUDACachingAllocator.cpp:3933] memory allocation failed with OOM on device 0 while trying to allocate 2055208960 bytes (free: 456065024, total: 47696969728).
[W829 22:26:55.481470062 CUDACachingAllocator.cpp:3933] memory allocation failed with OOM on device 0 while trying to allocate 2055208960 bytes (free: 1338966016, total: 47696969728).
[W829 22:26:55.481592169 CUDACachingAllocator.cpp:3933] memory allocation failed with OOM on device 0 while trying to allocate 2055208960 bytes (free: 1338966016, total: 47696969728).
Traceback (most recent call last):
  File "/home/mzh1800/WorldModel4TS/pilot/run_field_lora.py", line 461, in <module>
    main()
  File "/home/mzh1800/WorldModel4TS/pilot/run_field_lora.py", line 424, in main
    pred = run(model, Xtr, Ytr, Xte_u, Yte_u, args.epochs, args.lr,
  File "/home/mzh1800/WorldModel4TS/pilot/run_field_lora.py", line 350, in run
    preds.append(model(xb).cpu().numpy())
  File "/nyx-storage1/hanliu/miniconda3/envs/wm4ts/lib/python3.10/site-packages/torch/nn/modules/module.py", line 1778, in _wrapped_call_impl
    return self._call_impl(*args, **kwargs)
  File "/nyx-storage1/hanliu/miniconda3/envs/wm4ts/lib/python3.10/site-packages/torch/nn/modules/module.py", line 1789, in _call_impl
    return forward_call(*args, **kwargs)
  File "/home/mzh1800/WorldModel4TS/pilot/run_field_lora.py", line 245, in forward
    return self._forward_adapter(x)
  File "/home/mzh1800/WorldModel4TS/pilot/run_field_lora.py", line 230, in _forward_adapter
    tokens = self.enc(pixel_values=vid).last_hidden_state  # [B, N, d] (frozen)
  File "/nyx-storage1/hanliu/miniconda3/envs/wm4ts/lib/python3.10/site-packages/torch/nn/modules/module.py", line 1778, in _wrapped_call_impl
    return self._call_impl(*args, **kwargs)
  File "/nyx-storage1/hanliu/miniconda3/envs/wm4ts/lib/python3.10/site-packages/torch/nn/modules/module.py", line 1789, in _call_impl
    return forward_call(*args, **kwargs)
  File "/nyx-storage1/hanliu/miniconda3/envs/wm4ts/lib/python3.10/site-packages/transformers/models/videomae/modeling_videomae.py", line 697, in forward
    encoder_outputs = self.encoder(
  File "/nyx-storage1/hanliu/miniconda3/envs/wm4ts/lib/python3.10/site-packages/torch/nn/modules/module.py", line 1778, in _wrapped_call_impl
    return self._call_impl(*args, **kwargs)
  File "/nyx-storage1/hanliu/miniconda3/envs/wm4ts/lib/python3.10/site-packages/torch/nn/modules/module.py", line 1789, in _call_impl
    return forward_call(*args, **kwargs)
  File "/nyx-storage1/hanliu/miniconda3/envs/wm4ts/lib/python3.10/site-packages/transformers/models/videomae/modeling_videomae.py", line 481, in forward
    layer_outputs = layer_module(hidden_states, layer_head_mask, output_attentions)
  File "/nyx-storage1/hanliu/miniconda3/envs/wm4ts/lib/python3.10/site-packages/torch/nn/modules/module.py", line 1778, in _wrapped_call_impl
    return self._call_impl(*args, **kwargs)
  File "/nyx-storage1/hanliu/miniconda3/envs/wm4ts/lib/python3.10/site-packages/torch/nn/modules/module.py", line 1789, in _call_impl
    return forward_call(*args, **kwargs)
  File "/nyx-storage1/hanliu/miniconda3/envs/wm4ts/lib/python3.10/site-packages/transformers/models/videomae/modeling_videomae.py", line 425, in forward
    self_attention_outputs = self.attention(
  File "/nyx-storage1/hanliu/miniconda3/envs/wm4ts/lib/python3.10/site-packages/torch/nn/modules/module.py", line 1778, in _wrapped_call_impl
    return self._call_impl(*args, **kwargs)
  File "/nyx-storage1/hanliu/miniconda3/envs/wm4ts/lib/python3.10/site-packages/torch/nn/modules/module.py", line 1789, in _call_impl
    return forward_call(*args, **kwargs)
  File "/nyx-storage1/hanliu/miniconda3/envs/wm4ts/lib/python3.10/site-packages/transformers/models/videomae/modeling_videomae.py", line 354, in forward
    self_outputs = self.attention(hidden_states, head_mask, output_attentions)
  File "/nyx-storage1/hanliu/miniconda3/envs/wm4ts/lib/python3.10/site-packages/torch/nn/modules/module.py", line 1778, in _wrapped_call_impl
    return self._call_impl(*args, **kwargs)
  File "/nyx-storage1/hanliu/miniconda3/envs/wm4ts/lib/python3.10/site-packages/torch/nn/modules/module.py", line 1789, in _call_impl
    return forward_call(*args, **kwargs)
  File "/nyx-storage1/hanliu/miniconda3/envs/wm4ts/lib/python3.10/site-packages/transformers/models/videomae/modeling_videomae.py", line 286, in forward
    context_layer = torch.nn.functional.scaled_dot_product_attention(
torch.OutOfMemoryError: CUDA out of memory. Tried to allocate 1.91 GiB. GPU 0 has a total capacity of 44.42 GiB of which 1.25 GiB is free. Including non-PyTorch memory, this process has 15.93 GiB memory in use. Process 2304056 has 27.23 GiB memory in use. Of the allocated memory 14.42 GiB is allocated by PyTorch, and 1.19 GiB is reserved by PyTorch but unallocated. If reserved but unallocated memory is large try setting PYTORCH_CUDA_ALLOC_CONF=expandable_segments:True to avoid fragmentation.  See documentation for Memory Management  (https://docs.pytorch.org/docs/stable/notes/cuda.html#optimizing-memory-usage-with-pytorch-cuda-alloc-conf)
