dataset=electricity mode=uni M=112 P=24 context=384 horizon=96 train=17933 test=646
[done] snaive     {'MSE': 0.3401, 'MAE': 0.3334}
[done] smean      {'MSE': 0.2071, 'MAE': 0.2886}
/nyx-storage1/hanliu/miniconda3/envs/wm4ts/lib/python3.10/site-packages/transformers/utils/hub.py:128: FutureWarning: Using `TRANSFORMERS_CACHE` is deprecated and will be removed in v5 of Transformers. Use `HF_HOME` instead.
  warnings.warn(
[info] tune=adapter trainable=6182176/310040864 (1.99%)
[info] ep0 step 0 loss 0.9523
[info] ep0 step 200 loss 0.1985
[info] ep0 step 400 loss 0.2204
[info] ep0 step 600 loss 0.1815
[info] ep0 step 800 loss 0.7462
[info] ep0 step 1000 loss 0.1109
[info] ep0 step 1200 loss 0.2506
[info] ep0 step 1400 loss 0.1305
[info] ep0 step 1600 loss 0.1341
[info] ep0 step 1800 loss 0.1590
[info] ep0 step 2000 loss 0.1220
[info] ep0 step 2200 loss 0.3930
[info] ep0 step 2400 loss 0.2433
[info] epoch 0 train MSE 0.2412
[info] ep1 step 0 loss 0.1983
[info] ep1 step 200 loss 0.1574
[info] ep1 step 400 loss 0.1559
[info] ep1 step 600 loss 0.1546
[info] ep1 step 800 loss 0.3108
[info] ep1 step 1000 loss 0.1540
[info] ep1 step 1200 loss 0.1505
[info] ep1 step 1400 loss 0.2035
[info] ep1 step 1600 loss 0.1631
[info] ep1 step 1800 loss 0.1517
[info] ep1 step 2000 loss 0.1863
[info] ep1 step 2200 loss 0.1827
[info] ep1 step 2400 loss 0.2256
[info] epoch 1 train MSE 0.1659
[info] ep2 step 0 loss 0.1394
[info] ep2 step 200 loss 0.1285
[info] ep2 step 400 loss 0.1220
[info] ep2 step 600 loss 0.1331
[info] ep2 step 800 loss 0.1614
[info] ep2 step 1000 loss 0.3640
[info] ep2 step 1200 loss 0.1195
[info] ep2 step 1400 loss 0.1098
[info] ep2 step 1600 loss 0.1704
[info] ep2 step 1800 loss 0.1580
[info] ep2 step 2000 loss 0.1521
[info] ep2 step 2200 loss 0.1189
[info] ep2 step 2400 loss 0.1381
[info] epoch 2 train MSE 0.1582
[done] video_uni_adapter_s0 MSE=0.1476 MAE=0.2557
{
  "snaive": {
    "MSE": 0.3401,
    "MAE": 0.3334
  },
  "smean": {
    "MSE": 0.2071,
    "MAE": 0.2886
  },
  "video_uni_adapter_s0": {
    "MSE": 0.1476,
    "MAE": 0.2557
  }
}
