dataset=electricity mode=uni M=112 P=24 context=384 horizon=96 train=17933 test=646
[done] snaive     {'MSE': 0.3401, 'MAE': 0.3334}
[done] smean      {'MSE': 0.2071, 'MAE': 0.2886}
/nyx-storage1/hanliu/miniconda3/envs/wm4ts/lib/python3.10/site-packages/transformers/utils/hub.py:128: FutureWarning: Using `TRANSFORMERS_CACHE` is deprecated and will be removed in v5 of Transformers. Use `HF_HOME` instead.
  warnings.warn(
[info] tune=adapter trainable=6182176/310042912 (1.99%)
[info] ep0 step 0 loss 1.0105
[info] ep0 step 200 loss 0.2217
[info] ep0 step 400 loss 0.1931
[info] ep0 step 600 loss 0.1753
[info] ep0 step 800 loss 0.5924
[info] ep0 step 1000 loss 0.1203
[info] ep0 step 1200 loss 0.2522
[info] ep0 step 1400 loss 0.1371
[info] ep0 step 1600 loss 0.1292
[info] ep0 step 1800 loss 0.1466
[info] ep0 step 2000 loss 0.1155
[info] ep0 step 2200 loss 0.3807
[info] ep0 step 2400 loss 0.2407
[info] epoch 0 train MSE 0.2385
[info] ep1 step 0 loss 0.1685
[info] ep1 step 200 loss 0.1559
[info] ep1 step 400 loss 0.1468
[info] ep1 step 600 loss 0.1501
[info] ep1 step 800 loss 0.3272
[info] ep1 step 1000 loss 0.1553
[info] ep1 step 1200 loss 0.1623
[info] ep1 step 1400 loss 0.2029
[info] ep1 step 1600 loss 0.1544
[info] ep1 step 1800 loss 0.1602
[info] ep1 step 2000 loss 0.1958
[info] ep1 step 2200 loss 0.1871
[info] ep1 step 2400 loss 0.2103
[info] epoch 1 train MSE 0.1657
[info] ep2 step 0 loss 0.1431
[info] ep2 step 200 loss 0.1282
[info] ep2 step 400 loss 0.1154
[info] ep2 step 600 loss 0.1208
[info] ep2 step 800 loss 0.1657
[info] ep2 step 1000 loss 0.3775
[info] ep2 step 1200 loss 0.1165
[info] ep2 step 1400 loss 0.1148
[info] ep2 step 1600 loss 0.1630
[info] ep2 step 1800 loss 0.1730
[info] ep2 step 2000 loss 0.1448
[info] ep2 step 2200 loss 0.1108
[info] ep2 step 2400 loss 0.1357
[info] epoch 2 train MSE 0.1564
[done] video_uni_rand_adapter_s0 MSE=0.1453 MAE=0.2526
{
  "snaive": {
    "MSE": 0.3401,
    "MAE": 0.3334
  },
  "smean": {
    "MSE": 0.2071,
    "MAE": 0.2886
  },
  "video_uni_rand_adapter_s0": {
    "MSE": 0.1453,
    "MAE": 0.2526
  }
}
