dataset=ETTm2 M=7 P=96 ctx=1536 h=96 train=32929 test=1429
[done] snaive   {'MSE': 0.2631, 'MAE': 0.3005}
[done] smean    {'MSE': 0.3224, 'MAE': 0.3756}
WARNING: All log messages before absl::InitializeLog() is called are written to STDERR
E0000 00:00:1788208827.816786    3836 cuda_dnn.cc:8579] Unable to register cuDNN factory: Attempting to register factory for plugin cuDNN when one has already been registered
E0000 00:00:1788208827.822725    3836 cuda_blas.cc:1407] Unable to register cuBLAS factory: Attempting to register factory for plugin cuBLAS when one has already been registered
W0000 00:00:1788208827.837654    3836 computation_placer.cc:177] computation placer already registered. Please check linkage and avoid linking the same target more than once.
W0000 00:00:1788208827.837813    3836 computation_placer.cc:177] computation placer already registered. Please check linkage and avoid linking the same target more than once.
W0000 00:00:1788208827.837932    3836 computation_placer.cc:177] computation placer already registered. Please check linkage and avoid linking the same target more than once.
W0000 00:00:1788208827.838028    3836 computation_placer.cc:177] computation placer already registered. Please check linkage and avoid linking the same target more than once.
[info] renderer=period_matrix readout=xattn pretrained=0 trainable=2959968/89187168
[info] ep0 step 0 loss 0.4135
[info] ep0 step 100 loss 0.2074
[info] ep0 step 200 loss 0.8352
[info] ep0 step 300 loss 0.5645
[info] ep0 step 400 loss 0.1363
[info] ep0 step 500 loss 0.7153
[info] ep0 step 600 loss 0.4388
[info] ep0 step 700 loss 0.2270
[info] ep0 step 800 loss 0.3983
[info] ep0 step 900 loss 0.1142
[info] ep0 step 1000 loss 0.7295
[info] ep0 step 1100 loss 0.1864
[info] ep0 step 1200 loss 0.2186
[info] ep0 step 1300 loss 0.2408
[info] ep0 step 1400 loss 0.2945
[info] ep0 step 1500 loss 0.1811
[info] ep0 step 1600 loss 0.2145
[info] ep0 step 1700 loss 0.1457
[info] ep0 step 1800 loss 0.8516
[info] ep0 step 1900 loss 0.2787
[info] ep0 step 2000 loss 0.1343
[info] ep0 step 2100 loss 0.4172
[info] ep0 step 2200 loss 0.3244
[info] ep0 step 2300 loss 0.8594
[info] ep0 step 2400 loss 0.1925
[info] epoch 0 train MSE 0.3631
[info] ep1 step 0 loss 0.1896
[info] ep1 step 100 loss 0.4059
[info] ep1 step 200 loss 0.1309
[info] ep1 step 300 loss 0.1070
[info] ep1 step 400 loss 0.7905
[info] ep1 step 500 loss 0.2702
[info] ep1 step 600 loss 0.1348
[info] ep1 step 700 loss 0.3190
[info] ep1 step 800 loss 0.4424
[info] ep1 step 900 loss 0.1016
[info] ep1 step 1000 loss 0.0813
[info] ep1 step 1100 loss 0.1939
[info] ep1 step 1200 loss 0.1422
[info] ep1 step 1300 loss 0.1682
[info] ep1 step 1400 loss 0.1630
[info] ep1 step 1500 loss 0.3601
[info] ep1 step 1600 loss 0.6089
[info] ep1 step 1700 loss 0.4265
[info] ep1 step 1800 loss 0.1530
[info] ep1 step 1900 loss 0.3160
[info] ep1 step 2000 loss 0.1861
[info] ep1 step 2100 loss 0.0787
[info] ep1 step 2200 loss 0.1383
[info] ep1 step 2300 loss 0.0916
[info] ep1 step 2400 loss 0.1453
[info] epoch 1 train MSE 0.2474
[info] ep2 step 0 loss 0.0963
[info] ep2 step 100 loss 0.8539
[info] ep2 step 200 loss 0.1617
[info] ep2 step 300 loss 0.1446
[info] ep2 step 400 loss 0.1525
[info] ep2 step 500 loss 0.0762
[info] ep2 step 600 loss 0.1244
[info] ep2 step 700 loss 0.2335
[info] ep2 step 800 loss 0.1559
[info] ep2 step 900 loss 0.1227
[info] ep2 step 1000 loss 0.1427
[info] ep2 step 1100 loss 0.1882
[info] ep2 step 1200 loss 0.6553
[info] ep2 step 1300 loss 0.1336
[info] ep2 step 1400 loss 0.1145
[info] ep2 step 1500 loss 0.1156
[info] ep2 step 1600 loss 0.1236
[info] ep2 step 1700 loss 0.1086
[info] ep2 step 1800 loss 0.3270
[info] ep2 step 1900 loss 0.0986
[info] ep2 step 2000 loss 0.1242
[info] ep2 step 2100 loss 0.1146
[info] ep2 step 2200 loss 0.0869
[info] ep2 step 2300 loss 0.1758
[info] ep2 step 2400 loss 0.3504
[info] epoch 2 train MSE 0.2206
[info] ep3 step 0 loss 0.1457
[info] ep3 step 100 loss 0.2398
[info] ep3 step 200 loss 0.1309
[info] ep3 step 300 loss 0.0779
[info] ep3 step 400 loss 0.1422
[info] ep3 step 500 loss 0.1060
[info] ep3 step 600 loss 0.3442
[info] ep3 step 700 loss 0.0809
[info] ep3 step 800 loss 0.0566
[info] ep3 step 900 loss 0.3672
[info] ep3 step 1000 loss 0.0766
[info] ep3 step 1100 loss 0.1320
[info] ep3 step 1200 loss 0.1231
[info] ep3 step 1300 loss 0.2704
[info] ep3 step 1400 loss 0.1305
[info] ep3 step 1500 loss 0.0936
[info] ep3 step 1600 loss 0.1248
[info] ep3 step 1700 loss 0.0710
[info] ep3 step 1800 loss 0.0913
[info] ep3 step 1900 loss 0.1015
[info] ep3 step 2000 loss 0.0714
[info] ep3 step 2100 loss 0.1397
[info] ep3 step 2200 loss 0.0642
[info] ep3 step 2300 loss 0.1259
[info] ep3 step 2400 loss 0.0939
[info] epoch 3 train MSE 0.2059
[info] ep4 step 0 loss 0.1747
[info] ep4 step 100 loss 0.1085
[info] ep4 step 200 loss 0.2162
[info] ep4 step 300 loss 0.1350
[info] ep4 step 400 loss 0.1840
[info] ep4 step 500 loss 0.1259
[info] ep4 step 600 loss 0.0875
[info] ep4 step 700 loss 0.1020
[info] ep4 step 800 loss 0.3399
[info] ep4 step 900 loss 0.0433
[info] ep4 step 1000 loss 0.0887
[info] ep4 step 1100 loss 0.2619
[info] ep4 step 1200 loss 0.0945
[info] ep4 step 1300 loss 0.1112
[info] ep4 step 1400 loss 0.1399
[info] ep4 step 1500 loss 0.2136
[info] ep4 step 1600 loss 0.1123
[info] ep4 step 1700 loss 0.1637
[info] ep4 step 1800 loss 0.3189
[info] ep4 step 1900 loss 0.1495
[info] ep4 step 2000 loss 0.2119
[info] ep4 step 2100 loss 0.1296
[info] ep4 step 2200 loss 0.0841
[info] ep4 step 2300 loss 0.1459
[info] ep4 step 2400 loss 0.1640
[info] epoch 4 train MSE 0.1976
[done] model_rand  MSE=0.1768 MAE=0.2691  (smean 0.3224)
fatal: not a git repository (or any parent up to mount point /lambda/nfs)
Stopping at filesystem boundary (GIT_DISCOVERY_ACROSS_FILESYSTEM not set).
{
  "snaive": {
    "MSE": 0.2631,
    "MAE": 0.3005
  },
  "smean": {
    "MSE": 0.3224,
    "MAE": 0.3756
  },
  "model_rand": {
    "MSE": 0.1768,
    "MAE": 0.2691
  }
}
