dataset=ETTh1 M=7 P=24 ctx=384 h=96 train=8161 test=349
[done] snaive   {'MSE': 0.512, 'MAE': 0.4332}
[done] smean    {'MSE': 0.4022, 'MAE': 0.4083}
WARNING: All log messages before absl::InitializeLog() is called are written to STDERR
E0000 00:00:1788208524.669521    3769 cuda_dnn.cc:8579] Unable to register cuDNN factory: Attempting to register factory for plugin cuDNN when one has already been registered
E0000 00:00:1788208524.677785    3769 cuda_blas.cc:1407] Unable to register cuBLAS factory: Attempting to register factory for plugin cuBLAS when one has already been registered
W0000 00:00:1788208524.698557    3769 computation_placer.cc:177] computation placer already registered. Please check linkage and avoid linking the same target more than once.
W0000 00:00:1788208524.698723    3769 computation_placer.cc:177] computation placer already registered. Please check linkage and avoid linking the same target more than once.
W0000 00:00:1788208524.698830    3769 computation_placer.cc:177] computation placer already registered. Please check linkage and avoid linking the same target more than once.
W0000 00:00:1788208524.698938    3769 computation_placer.cc:177] computation placer already registered. Please check linkage and avoid linking the same target more than once.
[info] renderer=period_matrix readout=xattn pretrained=0 trainable=2959968/89187168
[info] ep0 step 0 loss 0.3984
[info] ep0 step 100 loss 0.4763
[info] ep0 step 200 loss 0.6839
[info] ep0 step 300 loss 0.2741
[info] ep0 step 400 loss 0.5254
[info] ep0 step 500 loss 0.3030
[info] ep0 step 600 loss 0.6861
[info] ep0 step 700 loss 0.5893
[info] ep0 step 800 loss 0.4546
[info] ep0 step 900 loss 0.4158
[info] ep0 step 1000 loss 0.6038
[info] ep0 step 1100 loss 0.5097
[info] ep0 step 1200 loss 0.3794
[info] ep0 step 1300 loss 0.7158
[info] ep0 step 1400 loss 0.4499
[info] ep0 step 1500 loss 0.7740
[info] ep0 step 1600 loss 0.4546
[info] ep0 step 1700 loss 0.2526
[info] ep0 step 1800 loss 0.4543
[info] ep0 step 1900 loss 0.3947
[info] ep0 step 2000 loss 0.4848
[info] ep0 step 2100 loss 0.5513
[info] ep0 step 2200 loss 0.4019
[info] ep0 step 2300 loss 0.3363
[info] ep0 step 2400 loss 0.3902
[info] epoch 0 train MSE 0.5162
[info] ep1 step 0 loss 0.3081
[info] ep1 step 100 loss 0.4899
[info] ep1 step 200 loss 0.2547
[info] ep1 step 300 loss 0.3588
[info] ep1 step 400 loss 0.1818
[info] ep1 step 500 loss 0.2830
[info] ep1 step 600 loss 0.3240
[info] ep1 step 700 loss 0.2356
[info] ep1 step 800 loss 0.3151
[info] ep1 step 900 loss 0.2499
[info] ep1 step 1000 loss 0.4875
[info] ep1 step 1100 loss 0.2269
[info] ep1 step 1200 loss 0.4666
[info] ep1 step 1300 loss 0.3150
[info] ep1 step 1400 loss 0.5124
[info] ep1 step 1500 loss 0.3629
[info] ep1 step 1600 loss 0.3084
[info] ep1 step 1700 loss 0.4623
[info] ep1 step 1800 loss 0.3456
[info] ep1 step 1900 loss 0.2827
[info] ep1 step 2000 loss 0.4870
[info] ep1 step 2100 loss 0.3167
[info] ep1 step 2200 loss 0.4171
[info] ep1 step 2300 loss 0.4365
[info] ep1 step 2400 loss 0.3655
[info] epoch 1 train MSE 0.3884
[info] ep2 step 0 loss 0.2522
[info] ep2 step 100 loss 0.3727
[info] ep2 step 200 loss 0.2912
[info] ep2 step 300 loss 0.2768
[info] ep2 step 400 loss 0.3264
[info] ep2 step 500 loss 0.2226
[info] ep2 step 600 loss 0.2905
[info] ep2 step 700 loss 0.3408
[info] ep2 step 800 loss 0.3457
[info] ep2 step 900 loss 0.3216
[info] ep2 step 1000 loss 0.2320
[info] ep2 step 1100 loss 0.2793
[info] ep2 step 1200 loss 0.2379
[info] ep2 step 1300 loss 0.4501
[info] ep2 step 1400 loss 0.3090
[info] ep2 step 1500 loss 0.4303
[info] ep2 step 1600 loss 0.3831
[info] ep2 step 1700 loss 0.4073
[info] ep2 step 1800 loss 0.2942
[info] ep2 step 1900 loss 0.5928
[info] ep2 step 2000 loss 0.3090
[info] ep2 step 2100 loss 0.2627
[info] ep2 step 2200 loss 0.2194
[info] ep2 step 2300 loss 0.3157
[info] ep2 step 2400 loss 0.3642
[info] epoch 2 train MSE 0.3692
[info] ep3 step 0 loss 0.3033
[info] ep3 step 100 loss 0.6875
[info] ep3 step 200 loss 0.2540
[info] ep3 step 300 loss 0.3942
[info] ep3 step 400 loss 0.2731
[info] ep3 step 500 loss 0.2993
[info] ep3 step 600 loss 0.2863
[info] ep3 step 700 loss 0.2860
[info] ep3 step 800 loss 0.3126
[info] ep3 step 900 loss 0.3752
[info] ep3 step 1000 loss 0.3373
[info] ep3 step 1100 loss 0.2791
[info] ep3 step 1200 loss 0.2885
[info] ep3 step 1300 loss 0.3234
[info] ep3 step 1400 loss 0.2212
[info] ep3 step 1500 loss 0.2191
[info] ep3 step 1600 loss 0.2938
[info] ep3 step 1700 loss 0.2668
[info] ep3 step 1800 loss 0.3566
[info] ep3 step 1900 loss 0.2790
[info] ep3 step 2000 loss 0.3495
[info] ep3 step 2100 loss 0.6115
[info] ep3 step 2200 loss 0.2575
[info] ep3 step 2300 loss 0.3886
[info] ep3 step 2400 loss 0.4093
[info] epoch 3 train MSE 0.3565
[info] ep4 step 0 loss 0.4550
[info] ep4 step 100 loss 0.3806
[info] ep4 step 200 loss 0.4361
[info] ep4 step 300 loss 0.3535
[info] ep4 step 400 loss 0.2947
[info] ep4 step 500 loss 0.3969
[info] ep4 step 600 loss 0.1963
[info] ep4 step 700 loss 0.3721
[info] ep4 step 800 loss 0.2753
[info] ep4 step 900 loss 0.3980
[info] ep4 step 1000 loss 0.2734
[info] ep4 step 1100 loss 0.2796
[info] ep4 step 1200 loss 0.7786
[info] ep4 step 1300 loss 0.2235
[info] ep4 step 1400 loss 0.2471
[info] ep4 step 1500 loss 0.3298
[info] ep4 step 1600 loss 0.3935
[info] ep4 step 1700 loss 0.4639
[info] ep4 step 1800 loss 0.2816
[info] ep4 step 1900 loss 0.2269
[info] ep4 step 2000 loss 0.3685
[info] ep4 step 2100 loss 0.4647
[info] ep4 step 2200 loss 0.3084
[info] ep4 step 2300 loss 0.3711
[info] ep4 step 2400 loss 0.3354
[info] epoch 4 train MSE 0.3484
[done] model_rand  MSE=0.4469 MAE=0.4506  (smean 0.4022)
fatal: not a git repository (or any parent up to mount point /lambda/nfs)
Stopping at filesystem boundary (GIT_DISCOVERY_ACROSS_FILESYSTEM not set).
{
  "snaive": {
    "MSE": 0.512,
    "MAE": 0.4332
  },
  "smean": {
    "MSE": 0.4022,
    "MAE": 0.4083
  },
  "model_rand": {
    "MSE": 0.4469,
    "MAE": 0.4506
  }
}
