dataset=solar M=112 P=144 ctx=2304 h=144 train=34345 test=1297
[done] snaive   {'MSE': 0.289, 'MAE': 0.2235}
[done] smean    {'MSE': 0.2005, 'MAE': 0.2205}
WARNING: All log messages before absl::InitializeLog() is called are written to STDERR
E0000 00:00:1788195906.757032    2692 cuda_dnn.cc:8579] Unable to register cuDNN factory: Attempting to register factory for plugin cuDNN when one has already been registered
E0000 00:00:1788195906.762933    2692 cuda_blas.cc:1407] Unable to register cuBLAS factory: Attempting to register factory for plugin cuBLAS when one has already been registered
W0000 00:00:1788195906.777714    2692 computation_placer.cc:177] computation placer already registered. Please check linkage and avoid linking the same target more than once.
W0000 00:00:1788195906.777863    2692 computation_placer.cc:177] computation placer already registered. Please check linkage and avoid linking the same target more than once.
W0000 00:00:1788195906.777984    2692 computation_placer.cc:177] computation placer already registered. Please check linkage and avoid linking the same target more than once.
W0000 00:00:1788195906.778077    2692 computation_placer.cc:177] computation placer already registered. Please check linkage and avoid linking the same target more than once.
[info] renderer=period_matrix readout=xattn pretrained=1 trainable=3254928/89482128
[info] ep0 step 0 loss 1.3857
[info] ep0 step 100 loss 0.3778
[info] ep0 step 200 loss 0.3410
[info] ep0 step 300 loss 0.2378
[info] ep0 step 400 loss 0.2718
[info] ep0 step 500 loss 0.3035
[info] ep0 step 600 loss 0.2192
[info] ep0 step 700 loss 0.2736
[info] ep0 step 800 loss 0.2158
[info] ep0 step 900 loss 0.2125
[info] ep0 step 1000 loss 0.2278
[info] ep0 step 1100 loss 0.2587
[info] ep0 step 1200 loss 0.1499
[info] ep0 step 1300 loss 0.1701
[info] ep0 step 1400 loss 0.2410
[info] ep0 step 1500 loss 0.1899
[info] ep0 step 1600 loss 0.1875
[info] ep0 step 1700 loss 0.2799
[info] ep0 step 1800 loss 0.1955
[info] ep0 step 1900 loss 0.1793
[info] ep0 step 2000 loss 0.2766
[info] ep0 step 2100 loss 0.1372
[info] ep0 step 2200 loss 0.2542
[info] ep0 step 2300 loss 0.1903
[info] ep0 step 2400 loss 0.1318
[info] epoch 0 train MSE 0.2431
[info] ep1 step 0 loss 0.2158
[info] ep1 step 100 loss 0.1798
[info] ep1 step 200 loss 0.1818
[info] ep1 step 300 loss 0.2231
[info] ep1 step 400 loss 0.1892
[info] ep1 step 500 loss 0.2768
[info] ep1 step 600 loss 0.2620
[info] ep1 step 700 loss 0.1361
[info] ep1 step 800 loss 0.2111
[info] ep1 step 900 loss 0.1480
[info] ep1 step 1000 loss 0.1440
[info] ep1 step 1100 loss 0.2873
[info] ep1 step 1200 loss 0.1568
[info] ep1 step 1300 loss 0.1626
[info] ep1 step 1400 loss 0.1397
[info] ep1 step 1500 loss 0.2977
[info] ep1 step 1600 loss 0.1999
[info] ep1 step 1700 loss 0.1629
[info] ep1 step 1800 loss 0.1774
[info] ep1 step 1900 loss 0.1746
[info] ep1 step 2000 loss 0.2442
[info] ep1 step 2100 loss 0.2253
[info] ep1 step 2200 loss 0.2108
[info] ep1 step 2300 loss 0.2104
[info] ep1 step 2400 loss 0.2851
[info] epoch 1 train MSE 0.1967
[info] ep2 step 0 loss 0.2142
[info] ep2 step 100 loss 0.2225
[info] ep2 step 200 loss 0.1962
[info] ep2 step 300 loss 0.1725
[info] ep2 step 400 loss 0.1496
[info] ep2 step 500 loss 0.2299
[info] ep2 step 600 loss 0.1932
[info] ep2 step 700 loss 0.1903
[info] ep2 step 800 loss 0.1388
[info] ep2 step 900 loss 0.1998
[info] ep2 step 1000 loss 0.1547
[info] ep2 step 1100 loss 0.2860
[info] ep2 step 1200 loss 0.1409
[info] ep2 step 1300 loss 0.1420
[info] ep2 step 1400 loss 0.1153
[info] ep2 step 1500 loss 0.1536
[info] ep2 step 1600 loss 0.2320
[info] ep2 step 1700 loss 0.1846
[info] ep2 step 1800 loss 0.1123
[info] ep2 step 1900 loss 0.1250
[info] ep2 step 2000 loss 0.1654
[info] ep2 step 2100 loss 0.1442
[info] ep2 step 2200 loss 0.1658
[info] ep2 step 2300 loss 0.1311
[info] ep2 step 2400 loss 0.1937
[info] epoch 2 train MSE 0.1713
[info] ep3 step 0 loss 0.1874
[info] ep3 step 100 loss 0.2269
[info] ep3 step 200 loss 0.2138
[info] ep3 step 300 loss 0.2418
[info] ep3 step 400 loss 0.1241
[info] ep3 step 500 loss 0.2162
[info] ep3 step 600 loss 0.0962
[info] ep3 step 700 loss 0.1913
[info] ep3 step 800 loss 0.1457
[info] ep3 step 900 loss 0.0995
[info] ep3 step 1000 loss 0.2066
[info] ep3 step 1100 loss 0.1263
[info] ep3 step 1200 loss 0.1416
[info] ep3 step 1300 loss 0.1965
[info] ep3 step 1400 loss 0.2055
[info] ep3 step 1500 loss 0.1402
[info] ep3 step 1600 loss 0.1404
[info] ep3 step 1700 loss 0.1665
[info] ep3 step 1800 loss 0.0945
[info] ep3 step 1900 loss 0.1086
[info] ep3 step 2000 loss 0.1782
[info] ep3 step 2100 loss 0.0987
[info] ep3 step 2200 loss 0.1238
[info] ep3 step 2300 loss 0.1466
[info] ep3 step 2400 loss 0.1521
[info] epoch 3 train MSE 0.1578
[info] ep4 step 0 loss 0.1759
[info] ep4 step 100 loss 0.1792
[info] ep4 step 200 loss 0.1778
[info] ep4 step 300 loss 0.2398
[info] ep4 step 400 loss 0.1722
[info] ep4 step 500 loss 0.1907
[info] ep4 step 600 loss 0.1300
[info] ep4 step 700 loss 0.1548
[info] ep4 step 800 loss 0.1343
[info] ep4 step 900 loss 0.1522
[info] ep4 step 1000 loss 0.1643
[info] ep4 step 1100 loss 0.2523
[info] ep4 step 1200 loss 0.1660
[info] ep4 step 1300 loss 0.1490
[info] ep4 step 1400 loss 0.1020
[info] ep4 step 1500 loss 0.1127
[info] ep4 step 1600 loss 0.1557
[info] ep4 step 1700 loss 0.2367
[info] ep4 step 1800 loss 0.1966
[info] ep4 step 1900 loss 0.1054
[info] ep4 step 2000 loss 0.1655
[info] ep4 step 2100 loss 0.1365
[info] ep4 step 2200 loss 0.2090
[info] ep4 step 2300 loss 0.2147
[info] ep4 step 2400 loss 0.2132
[info] epoch 4 train MSE 0.1522
[done] model_pt    MSE=0.1796 MAE=0.2567  (smean 0.2005)
fatal: not a git repository (or any parent up to mount point /lambda/nfs)
Stopping at filesystem boundary (GIT_DISCOVERY_ACROSS_FILESYSTEM not set).
{
  "snaive": {
    "MSE": 0.289,
    "MAE": 0.2235
  },
  "smean": {
    "MSE": 0.2005,
    "MAE": 0.2205
  },
  "model_pt": {
    "MSE": 0.1796,
    "MAE": 0.2567
  }
}
