dataset=traffic M=112 P=24 ctx=384 h=96 train=11801 test=427
[done] snaive   {'MSE': 0.9626, 'MAE': 0.4874}
[done] smean    {'MSE': 0.5175, 'MAE': 0.384}
WARNING: All log messages before absl::InitializeLog() is called are written to STDERR
E0000 00:00:1788211116.281270    4104 cuda_dnn.cc:8579] Unable to register cuDNN factory: Attempting to register factory for plugin cuDNN when one has already been registered
E0000 00:00:1788211116.287107    4104 cuda_blas.cc:1407] Unable to register cuBLAS factory: Attempting to register factory for plugin cuBLAS when one has already been registered
W0000 00:00:1788211116.302160    4104 computation_placer.cc:177] computation placer already registered. Please check linkage and avoid linking the same target more than once.
W0000 00:00:1788211116.302291    4104 computation_placer.cc:177] computation placer already registered. Please check linkage and avoid linking the same target more than once.
W0000 00:00:1788211116.302389    4104 computation_placer.cc:177] computation placer already registered. Please check linkage and avoid linking the same target more than once.
W0000 00:00:1788211116.302492    4104 computation_placer.cc:177] computation placer already registered. Please check linkage and avoid linking the same target more than once.
[info] renderer=period_matrix readout=xattn pretrained=0 trainable=2959968/89187168
[info] ep0 step 0 loss 1.2477
[info] ep0 step 100 loss 1.0339
[info] ep0 step 200 loss 1.1011
[info] ep0 step 300 loss 1.1499
[info] ep0 step 400 loss 0.9591
[info] ep0 step 500 loss 1.2076
[info] ep0 step 600 loss 0.9937
[info] ep0 step 700 loss 0.7216
[info] ep0 step 800 loss 0.6403
[info] ep0 step 900 loss 0.5978
[info] ep0 step 1000 loss 0.5270
[info] ep0 step 1100 loss 0.3986
[info] ep0 step 1200 loss 0.3859
[info] ep0 step 1300 loss 0.4723
[info] ep0 step 1400 loss 0.4034
[info] ep0 step 1500 loss 0.3994
[info] ep0 step 1600 loss 0.3052
[info] ep0 step 1700 loss 0.3588
[info] ep0 step 1800 loss 0.4779
[info] ep0 step 1900 loss 0.3098
[info] ep0 step 2000 loss 0.2716
[info] ep0 step 2100 loss 0.3162
[info] ep0 step 2200 loss 0.3908
[info] ep0 step 2300 loss 0.3128
[info] ep0 step 2400 loss 0.3589
[info] epoch 0 train MSE 0.5862
[info] ep1 step 0 loss 0.3163
[info] ep1 step 100 loss 0.2156
[info] ep1 step 200 loss 0.2886
[info] ep1 step 300 loss 0.2218
[info] ep1 step 400 loss 0.3339
[info] ep1 step 500 loss 0.2311
[info] ep1 step 600 loss 0.2179
[info] ep1 step 700 loss 0.3911
[info] ep1 step 800 loss 0.3511
[info] ep1 step 900 loss 0.4040
[info] ep1 step 1000 loss 0.3329
[info] ep1 step 1100 loss 0.3097
[info] ep1 step 1200 loss 0.3762
[info] ep1 step 1300 loss 0.3646
[info] ep1 step 1400 loss 0.3521
[info] ep1 step 1500 loss 0.2232
[info] ep1 step 1600 loss 0.5434
[info] ep1 step 1700 loss 0.2543
[info] ep1 step 1800 loss 0.2087
[info] ep1 step 1900 loss 0.2591
[info] ep1 step 2000 loss 0.1743
[info] ep1 step 2100 loss 0.2938
[info] ep1 step 2200 loss 0.2247
[info] ep1 step 2300 loss 0.2440
[info] ep1 step 2400 loss 0.3728
[info] epoch 1 train MSE 0.3126
[info] ep2 step 0 loss 0.2131
[info] ep2 step 100 loss 0.3457
[info] ep2 step 200 loss 0.3853
[info] ep2 step 300 loss 0.4174
[info] ep2 step 400 loss 0.2586
[info] ep2 step 500 loss 0.2286
[info] ep2 step 600 loss 0.2927
[info] ep2 step 700 loss 0.1714
[info] ep2 step 800 loss 0.2948
[info] ep2 step 900 loss 0.3686
[info] ep2 step 1000 loss 0.3285
[info] ep2 step 1100 loss 0.3030
[info] ep2 step 1200 loss 0.2599
[info] ep2 step 1300 loss 0.2250
[info] ep2 step 1400 loss 0.1759
[info] ep2 step 1500 loss 0.2978
[info] ep2 step 1600 loss 0.1754
[info] ep2 step 1700 loss 0.3983
[info] ep2 step 1800 loss 0.3039
[info] ep2 step 1900 loss 0.3763
[info] ep2 step 2000 loss 0.3222
[info] ep2 step 2100 loss 0.3064
[info] ep2 step 2200 loss 0.2245
[info] ep2 step 2300 loss 0.4258
[info] ep2 step 2400 loss 0.1730
[info] epoch 2 train MSE 0.2849
[info] ep3 step 0 loss 0.2216
[info] ep3 step 100 loss 0.2236
[info] ep3 step 200 loss 0.1988
[info] ep3 step 300 loss 0.3830
[info] ep3 step 400 loss 0.2142
[info] ep3 step 500 loss 0.2822
[info] ep3 step 600 loss 0.2215
[info] ep3 step 700 loss 0.1656
[info] ep3 step 800 loss 0.3064
[info] ep3 step 900 loss 0.2140
[info] ep3 step 1000 loss 0.2055
[info] ep3 step 1100 loss 0.2422
[info] ep3 step 1200 loss 0.2595
[info] ep3 step 1300 loss 0.2172
[info] ep3 step 1400 loss 0.2717
[info] ep3 step 1500 loss 0.2648
[info] ep3 step 1600 loss 0.3132
[info] ep3 step 1700 loss 0.2232
[info] ep3 step 1800 loss 0.2462
[info] ep3 step 1900 loss 0.1768
[info] ep3 step 2000 loss 0.2672
[info] ep3 step 2100 loss 0.2469
[info] ep3 step 2200 loss 0.2012
[info] ep3 step 2300 loss 0.4420
[info] ep3 step 2400 loss 0.2956
[info] epoch 3 train MSE 0.2707
[info] ep4 step 0 loss 0.1771
[info] ep4 step 100 loss 0.3583
[info] ep4 step 200 loss 0.2774
[info] ep4 step 300 loss 0.4034
[info] ep4 step 400 loss 0.1770
[info] ep4 step 500 loss 0.2914
[info] ep4 step 600 loss 0.2553
[info] ep4 step 700 loss 0.2998
[info] ep4 step 800 loss 0.2336
[info] ep4 step 900 loss 0.2930
[info] ep4 step 1000 loss 0.3185
[info] ep4 step 1100 loss 0.4081
[info] ep4 step 1200 loss 0.1911
[info] ep4 step 1300 loss 0.1701
[info] ep4 step 1400 loss 0.2692
[info] ep4 step 1500 loss 0.1599
[info] ep4 step 1600 loss 0.1875
[info] ep4 step 1700 loss 0.3245
[info] ep4 step 1800 loss 0.2192
[info] ep4 step 1900 loss 0.2153
[info] ep4 step 2000 loss 0.2898
[info] ep4 step 2100 loss 0.1749
[info] ep4 step 2200 loss 0.1585
[info] ep4 step 2300 loss 0.2280
[info] ep4 step 2400 loss 0.2390
[info] epoch 4 train MSE 0.2635
[done] model_rand  MSE=0.3582 MAE=0.3103  (smean 0.5175)
fatal: not a git repository (or any parent up to mount point /lambda/nfs)
Stopping at filesystem boundary (GIT_DISCOVERY_ACROSS_FILESYSTEM not set).
{
  "snaive": {
    "MSE": 0.9626,
    "MAE": 0.4874
  },
  "smean": {
    "MSE": 0.5175,
    "MAE": 0.384
  },
  "model_rand": {
    "MSE": 0.3582,
    "MAE": 0.3103
  }
}
