dataset=ETTh2 M=7 P=24 ctx=384 h=96 train=5000 test=88
[done] snaive   {'MSE': 0.3837, 'MAE': 0.3763}
[done] smean    {'MSE': 0.35, 'MAE': 0.3939}
WARNING: All log messages before absl::InitializeLog() is called are written to STDERR
E0000 00:00:1788169053.354508    5131 cuda_dnn.cc:8579] Unable to register cuDNN factory: Attempting to register factory for plugin cuDNN when one has already been registered
E0000 00:00:1788169053.362766    5131 cuda_blas.cc:1407] Unable to register cuBLAS factory: Attempting to register factory for plugin cuBLAS when one has already been registered
W0000 00:00:1788169053.383001    5131 computation_placer.cc:177] computation placer already registered. Please check linkage and avoid linking the same target more than once.
W0000 00:00:1788169053.383166    5131 computation_placer.cc:177] computation placer already registered. Please check linkage and avoid linking the same target more than once.
W0000 00:00:1788169053.383267    5131 computation_placer.cc:177] computation placer already registered. Please check linkage and avoid linking the same target more than once.
W0000 00:00:1788169053.383360    5131 computation_placer.cc:177] computation placer already registered. Please check linkage and avoid linking the same target more than once.
[info] renderer=barcode_bilinear readout=xattn pretrained=0 trainable=2959968/89187168
[info] ep0 step 0 loss 0.3714
[info] ep0 step 100 loss 0.6347
[info] ep0 step 200 loss 0.3073
[info] ep0 step 300 loss 0.4061
[info] epoch 0 train MSE 0.5387
[info] ep1 step 0 loss 0.5027
[info] ep1 step 100 loss 0.3796
[info] ep1 step 200 loss 0.8307
[info] ep1 step 300 loss 0.1082
[info] epoch 1 train MSE 0.4452
[done] model_rand  MSE=0.3132 MAE=0.3635  (smean 0.3500)
fatal: not a git repository (or any parent up to mount point /lambda/nfs)
Stopping at filesystem boundary (GIT_DISCOVERY_ACROSS_FILESYSTEM not set).
{
  "snaive": {
    "MSE": 0.3837,
    "MAE": 0.3763
  },
  "smean": {
    "MSE": 0.35,
    "MAE": 0.3939
  },
  "model_rand": {
    "MSE": 0.3132,
    "MAE": 0.3635
  }
}
