dataset=electricity M=112 P=24 ctx=384 h=96 train=5000 test=162
[done] snaive   {'MSE': 0.3418, 'MAE': 0.3341}
[done] smean    {'MSE': 0.2069, 'MAE': 0.2886}
WARNING: All log messages before absl::InitializeLog() is called are written to STDERR
E0000 00:00:1788178435.428071    6660 cuda_dnn.cc:8579] Unable to register cuDNN factory: Attempting to register factory for plugin cuDNN when one has already been registered
E0000 00:00:1788178435.434077    6660 cuda_blas.cc:1407] Unable to register cuBLAS factory: Attempting to register factory for plugin cuBLAS when one has already been registered
W0000 00:00:1788178435.449572    6660 computation_placer.cc:177] computation placer already registered. Please check linkage and avoid linking the same target more than once.
W0000 00:00:1788178435.449734    6660 computation_placer.cc:177] computation placer already registered. Please check linkage and avoid linking the same target more than once.
W0000 00:00:1788178435.449839    6660 computation_placer.cc:177] computation placer already registered. Please check linkage and avoid linking the same target more than once.
W0000 00:00:1788178435.449945    6660 computation_placer.cc:177] computation placer already registered. Please check linkage and avoid linking the same target more than once.
[info] renderer=period_matrix readout=xattn pretrained=0 trainable=2959968/89187168
[info] ep0 step 0 loss 1.2033
[info] ep0 step 100 loss 1.0440
[info] ep0 step 200 loss 0.8095
[info] ep0 step 300 loss 0.8775
[info] epoch 0 train MSE 0.8986
[info] ep1 step 0 loss 0.7427
[info] ep1 step 100 loss 0.9054
[info] ep1 step 200 loss 0.9420
[info] ep1 step 300 loss 0.8580
[info] epoch 1 train MSE 0.8579
[done] model_rand  MSE=0.8241 MAE=0.7587  (smean 0.2069)
fatal: not a git repository (or any parent up to mount point /lambda/nfs)
Stopping at filesystem boundary (GIT_DISCOVERY_ACROSS_FILESYSTEM not set).
{
  "snaive": {
    "MSE": 0.3418,
    "MAE": 0.3341
  },
  "smean": {
    "MSE": 0.2069,
    "MAE": 0.2886
  },
  "model_rand": {
    "MSE": 0.8241,
    "MAE": 0.7587
  }
}
