dataset=electricity M=112 P=24 ctx=384 h=96 train=5000 test=162
[done] snaive   {'MSE': 0.3418, 'MAE': 0.3341}
[done] smean    {'MSE': 0.2069, 'MAE': 0.2886}
WARNING: All log messages before absl::InitializeLog() is called are written to STDERR
E0000 00:00:1788166010.480313    4556 cuda_dnn.cc:8579] Unable to register cuDNN factory: Attempting to register factory for plugin cuDNN when one has already been registered
E0000 00:00:1788166010.486306    4556 cuda_blas.cc:1407] Unable to register cuBLAS factory: Attempting to register factory for plugin cuBLAS when one has already been registered
W0000 00:00:1788166010.501159    4556 computation_placer.cc:177] computation placer already registered. Please check linkage and avoid linking the same target more than once.
W0000 00:00:1788166010.501293    4556 computation_placer.cc:177] computation placer already registered. Please check linkage and avoid linking the same target more than once.
W0000 00:00:1788166010.501402    4556 computation_placer.cc:177] computation placer already registered. Please check linkage and avoid linking the same target more than once.
W0000 00:00:1788166010.501506    4556 computation_placer.cc:177] computation placer already registered. Please check linkage and avoid linking the same target more than once.
[info] renderer=barcode_nearest readout=xattn pretrained=1 trainable=2959968/89187168
[info] ep0 step 0 loss 1.2382
[info] ep0 step 100 loss 0.9272
[info] ep0 step 200 loss 0.4001
[info] ep0 step 300 loss 0.2805
[info] epoch 0 train MSE 0.5721
[info] ep1 step 0 loss 0.2236
[info] ep1 step 100 loss 0.3299
[info] ep1 step 200 loss 0.3402
[info] ep1 step 300 loss 0.2523
[info] epoch 1 train MSE 0.2841
[done] model_pt    MSE=0.2697 MAE=0.3635  (smean 0.2069)
fatal: not a git repository (or any parent up to mount point /lambda/nfs)
Stopping at filesystem boundary (GIT_DISCOVERY_ACROSS_FILESYSTEM not set).
{
  "snaive": {
    "MSE": 0.3418,
    "MAE": 0.3341
  },
  "smean": {
    "MSE": 0.2069,
    "MAE": 0.2886
  },
  "model_pt": {
    "MSE": 0.2697,
    "MAE": 0.3635
  }
}
