dataset=ETTh2 M=7 P=24 ctx=384 h=96 train=5000 test=88
[done] snaive   {'MSE': 0.3837, 'MAE': 0.3763}
[done] smean    {'MSE': 0.35, 'MAE': 0.3939}
WARNING: All log messages before absl::InitializeLog() is called are written to STDERR
E0000 00:00:1788166007.282836    4557 cuda_dnn.cc:8579] Unable to register cuDNN factory: Attempting to register factory for plugin cuDNN when one has already been registered
E0000 00:00:1788166007.291088    4557 cuda_blas.cc:1407] Unable to register cuBLAS factory: Attempting to register factory for plugin cuBLAS when one has already been registered
W0000 00:00:1788166007.311891    4557 computation_placer.cc:177] computation placer already registered. Please check linkage and avoid linking the same target more than once.
W0000 00:00:1788166007.312045    4557 computation_placer.cc:177] computation placer already registered. Please check linkage and avoid linking the same target more than once.
W0000 00:00:1788166007.312144    4557 computation_placer.cc:177] computation placer already registered. Please check linkage and avoid linking the same target more than once.
W0000 00:00:1788166007.312254    4557 computation_placer.cc:177] computation placer already registered. Please check linkage and avoid linking the same target more than once.
[info] renderer=barcode_nearest readout=xattn pretrained=1 trainable=2959968/89187168
[info] ep0 step 0 loss 0.3789
[info] ep0 step 100 loss 0.6955
[info] ep0 step 200 loss 0.4282
[info] ep0 step 300 loss 0.5826
[info] epoch 0 train MSE 0.5830
[info] ep1 step 0 loss 0.5451
[info] ep1 step 100 loss 0.3786
[info] ep1 step 200 loss 1.0462
[info] ep1 step 300 loss 0.1606
[info] epoch 1 train MSE 0.5106
[done] model_pt    MSE=0.3623 MAE=0.4086  (smean 0.3500)
fatal: not a git repository (or any parent up to mount point /lambda/nfs)
Stopping at filesystem boundary (GIT_DISCOVERY_ACROSS_FILESYSTEM not set).
{
  "snaive": {
    "MSE": 0.3837,
    "MAE": 0.3763
  },
  "smean": {
    "MSE": 0.35,
    "MAE": 0.3939
  },
  "model_pt": {
    "MSE": 0.3623,
    "MAE": 0.4086
  }
}
