dataset=ETTh1 mode=uni M=7 P=24 context=384 horizon=96 train=8161 test=349
[done] snaive     {'MSE': 0.512, 'MAE': 0.4332}
[done] smean      {'MSE': 0.4022, 'MAE': 0.4083}
WARNING: All log messages before absl::InitializeLog() is called are written to STDERR
E0000 00:00:1788082469.374084    2978 cuda_dnn.cc:8579] Unable to register cuDNN factory: Attempting to register factory for plugin cuDNN when one has already been registered
E0000 00:00:1788082469.383414    2978 cuda_blas.cc:1407] Unable to register cuBLAS factory: Attempting to register factory for plugin cuBLAS when one has already been registered
W0000 00:00:1788082469.408958    2978 computation_placer.cc:177] computation placer already registered. Please check linkage and avoid linking the same target more than once.
W0000 00:00:1788082469.409281    2978 computation_placer.cc:177] computation placer already registered. Please check linkage and avoid linking the same target more than once.
W0000 00:00:1788082469.409553    2978 computation_placer.cc:177] computation placer already registered. Please check linkage and avoid linking the same target more than once.
W0000 00:00:1788082469.409919    2978 computation_placer.cc:177] computation placer already registered. Please check linkage and avoid linking the same target more than once.
[info] tune=frozen trainable=665952/86893152 (0.77%)
[info] ep0 step 0 loss 0.7652
[info] ep0 step 200 loss 0.5123
[info] ep0 step 400 loss 0.7221
[info] ep0 step 600 loss 0.6644
[info] ep0 step 800 loss 0.6461
[info] ep0 step 1000 loss 0.4048
[info] ep0 step 1200 loss 0.7807
[info] ep0 step 1400 loss 0.7285
[info] ep0 step 1600 loss 0.3984
[info] ep0 step 1800 loss 0.4829
[info] ep0 step 2000 loss 0.4507
[info] ep0 step 2200 loss 0.7766
[info] ep0 step 2400 loss 0.6707
[info] epoch 0 train MSE 0.5357
[info] ep1 step 0 loss 0.5269
[info] ep1 step 200 loss 0.5222
[info] ep1 step 400 loss 0.4455
[info] ep1 step 600 loss 0.3331
[info] ep1 step 800 loss 0.3562
[info] ep1 step 1000 loss 0.6209
[info] ep1 step 1200 loss 0.4304
[info] ep1 step 1400 loss 0.6808
[info] ep1 step 1600 loss 0.4305
[info] ep1 step 1800 loss 0.4215
[info] ep1 step 2000 loss 0.3703
[info] ep1 step 2200 loss 0.6614
[info] ep1 step 2400 loss 0.3900
[info] epoch 1 train MSE 0.4593
[info] ep2 step 0 loss 0.2406
[info] ep2 step 200 loss 0.3927
[info] ep2 step 400 loss 0.4178
[info] ep2 step 600 loss 0.5103
[info] ep2 step 800 loss 0.6705
[info] ep2 step 1000 loss 0.4057
[info] ep2 step 1200 loss 0.3669
[info] ep2 step 1400 loss 0.2927
[info] ep2 step 1600 loss 0.3585
[info] ep2 step 1800 loss 0.3709
[info] ep2 step 2000 loss 0.3458
[info] ep2 step 2200 loss 0.2482
[info] ep2 step 2400 loss 0.5666
[info] epoch 2 train MSE 0.4299
[info] ep3 step 0 loss 0.4271
[info] ep3 step 200 loss 0.5896
[info] ep3 step 400 loss 0.3044
[info] ep3 step 600 loss 0.3536
[info] ep3 step 800 loss 0.4256
[info] ep3 step 1000 loss 0.3867
[info] ep3 step 1200 loss 0.4475
[info] ep3 step 1400 loss 0.5255
[info] ep3 step 1600 loss 0.3730
[info] ep3 step 1800 loss 0.3545
[info] ep3 step 2000 loss 0.5700
[info] ep3 step 2200 loss 0.3895
[info] ep3 step 2400 loss 0.3135
[info] epoch 3 train MSE 0.4174
[info] ep4 step 0 loss 0.4492
[info] ep4 step 200 loss 0.4832
[info] ep4 step 400 loss 0.3490
[info] ep4 step 600 loss 0.3122
[info] ep4 step 800 loss 0.3584
[info] ep4 step 1000 loss 0.4780
[info] ep4 step 1200 loss 0.2743
[info] ep4 step 1400 loss 0.6184
[info] ep4 step 1600 loss 0.4422
[info] ep4 step 1800 loss 0.3002
[info] ep4 step 2000 loss 0.3605
[info] ep4 step 2200 loss 0.3492
[info] ep4 step 2400 loss 0.3429
[info] epoch 4 train MSE 0.4122
[done] video_uni_frozen_s0 MSE=0.4960 MAE=0.4736
{
  "snaive": {
    "MSE": 0.512,
    "MAE": 0.4332
  },
  "smean": {
    "MSE": 0.4022,
    "MAE": 0.4083
  },
  "video_uni_frozen_s0": {
    "MSE": 0.496,
    "MAE": 0.4736
  }
}
