dataset=ETTh2 M=7 P=24 ctx=384 h=96 train=5000 test=88
[done] snaive   {'MSE': 0.3837, 'MAE': 0.3763}
[done] smean    {'MSE': 0.35, 'MAE': 0.3939}
WARNING: All log messages before absl::InitializeLog() is called are written to STDERR
E0000 00:00:1788190167.783008    9305 cuda_dnn.cc:8579] Unable to register cuDNN factory: Attempting to register factory for plugin cuDNN when one has already been registered
E0000 00:00:1788190167.791313    9305 cuda_blas.cc:1407] Unable to register cuBLAS factory: Attempting to register factory for plugin cuBLAS when one has already been registered
W0000 00:00:1788190167.811875    9305 computation_placer.cc:177] computation placer already registered. Please check linkage and avoid linking the same target more than once.
W0000 00:00:1788190167.812056    9305 computation_placer.cc:177] computation placer already registered. Please check linkage and avoid linking the same target more than once.
W0000 00:00:1788190167.812180    9305 computation_placer.cc:177] computation placer already registered. Please check linkage and avoid linking the same target more than once.
W0000 00:00:1788190167.812297    9305 computation_placer.cc:177] computation placer already registered. Please check linkage and avoid linking the same target more than once.
[info] renderer=period_matrix readout=global pretrained=0 trainable=665952/86893152
[info] ep0 step 0 loss 0.2944
[info] ep0 step 100 loss 0.5811
[info] ep0 step 200 loss 0.3204
[info] ep0 step 300 loss 0.6318
[info] epoch 0 train MSE 0.5468
[info] ep1 step 0 loss 0.5229
[info] ep1 step 100 loss 0.3763
[info] ep1 step 200 loss 0.9145
[info] ep1 step 300 loss 0.1308
[info] epoch 1 train MSE 0.5306
[done] model_rand  MSE=0.3799 MAE=0.4160  (smean 0.3500)
fatal: not a git repository (or any parent up to mount point /lambda/nfs)
Stopping at filesystem boundary (GIT_DISCOVERY_ACROSS_FILESYSTEM not set).
{
  "snaive": {
    "MSE": 0.3837,
    "MAE": 0.3763
  },
  "smean": {
    "MSE": 0.35,
    "MAE": 0.3939
  },
  "model_rand": {
    "MSE": 0.3799,
    "MAE": 0.416
  }
}
