[done] snaive   {'MSE': 0.3418, 'MAE': 0.3341}
[done] smean    {'MSE': 0.2096, 'MAE': 0.2909}
dataset=electricity ctx=440 h=96 samples=2000
WARNING: All log messages before absl::InitializeLog() is called are written to STDERR
E0000 00:00:1788235059.813375    2969 cuda_dnn.cc:8579] Unable to register cuDNN factory: Attempting to register factory for plugin cuDNN when one has already been registered
E0000 00:00:1788235059.819344    2969 cuda_blas.cc:1407] Unable to register cuBLAS factory: Attempting to register factory for plugin cuBLAS when one has already been registered
W0000 00:00:1788235059.834511    2969 computation_placer.cc:177] computation placer already registered. Please check linkage and avoid linking the same target more than once.
W0000 00:00:1788235059.834669    2969 computation_placer.cc:177] computation placer already registered. Please check linkage and avoid linking the same target more than once.
W0000 00:00:1788235059.834764    2969 computation_placer.cc:177] computation placer already registered. Please check linkage and avoid linking the same target more than once.
W0000 00:00:1788235059.834855    2969 computation_placer.cc:177] computation placer already registered. Please check linkage and avoid linking the same target more than once.
[info] 0/2000
[info] 640/2000
[info] 1280/2000
[info] 1920/2000
[done] recon_model   {'MSE': 1.7528, 'MAE': 1.0014}
[done] recon_zeroed  {'MSE': 0.8486, 'MAE': 0.7656}
{
  "snaive": {
    "MSE": 0.3418,
    "MAE": 0.3341
  },
  "smean": {
    "MSE": 0.2096,
    "MAE": 0.2909
  },
  "recon_model": {
    "MSE": 1.7528,
    "MAE": 1.0014
  },
  "recon_zeroed": {
    "MSE": 0.8486,
    "MAE": 0.7656
  }
}
