[done] snaive   {'MSE': 0.2627, 'MAE': 0.3003}
[done] smean    {'MSE': 0.2622, 'MAE': 0.3241}
dataset=ETTm2 ctx=512 h=96 samples=2000
WARNING: All log messages before absl::InitializeLog() is called are written to STDERR
E0000 00:00:1788235020.112068    2906 cuda_dnn.cc:8579] Unable to register cuDNN factory: Attempting to register factory for plugin cuDNN when one has already been registered
E0000 00:00:1788235020.120334    2906 cuda_blas.cc:1407] Unable to register cuBLAS factory: Attempting to register factory for plugin cuBLAS when one has already been registered
W0000 00:00:1788235020.140927    2906 computation_placer.cc:177] computation placer already registered. Please check linkage and avoid linking the same target more than once.
W0000 00:00:1788235020.141066    2906 computation_placer.cc:177] computation placer already registered. Please check linkage and avoid linking the same target more than once.
W0000 00:00:1788235020.141162    2906 computation_placer.cc:177] computation placer already registered. Please check linkage and avoid linking the same target more than once.
W0000 00:00:1788235020.141247    2906 computation_placer.cc:177] computation placer already registered. Please check linkage and avoid linking the same target more than once.
[info] 0/2000
[info] 640/2000
[info] 1280/2000
[info] 1920/2000
[done] recon_model   {'MSE': 0.2973, 'MAE': 0.3431}
[done] recon_zeroed  {'MSE': 0.292, 'MAE': 0.3555}
{
  "snaive": {
    "MSE": 0.2627,
    "MAE": 0.3003
  },
  "smean": {
    "MSE": 0.2622,
    "MAE": 0.3241
  },
  "recon_model": {
    "MSE": 0.2973,
    "MAE": 0.3431
  },
  "recon_zeroed": {
    "MSE": 0.292,
    "MAE": 0.3555
  }
}
