[done] snaive   {'MSE': 0.2892, 'MAE': 0.2235}
[done] smean    {'MSE': 0.2369, 'MAE': 0.2348}
dataset=solar ctx=736 h=144 samples=2000
WARNING: All log messages before absl::InitializeLog() is called are written to STDERR
E0000 00:00:1788235139.792181    3088 cuda_dnn.cc:8579] Unable to register cuDNN factory: Attempting to register factory for plugin cuDNN when one has already been registered
E0000 00:00:1788235139.798117    3088 cuda_blas.cc:1407] Unable to register cuBLAS factory: Attempting to register factory for plugin cuBLAS when one has already been registered
W0000 00:00:1788235139.813272    3088 computation_placer.cc:177] computation placer already registered. Please check linkage and avoid linking the same target more than once.
W0000 00:00:1788235139.813420    3088 computation_placer.cc:177] computation placer already registered. Please check linkage and avoid linking the same target more than once.
W0000 00:00:1788235139.813536    3088 computation_placer.cc:177] computation placer already registered. Please check linkage and avoid linking the same target more than once.
W0000 00:00:1788235139.813631    3088 computation_placer.cc:177] computation placer already registered. Please check linkage and avoid linking the same target more than once.
[info] 0/2000
[info] 640/2000
[info] 1280/2000
[info] 1920/2000
[done] recon_model   {'MSE': 0.9676, 'MAE': 0.5063}
[done] recon_zeroed  {'MSE': 0.7485, 'MAE': 0.698}
{
  "snaive": {
    "MSE": 0.2892,
    "MAE": 0.2235
  },
  "smean": {
    "MSE": 0.2369,
    "MAE": 0.2348
  },
  "recon_model": {
    "MSE": 0.9676,
    "MAE": 0.5063
  },
  "recon_zeroed": {
    "MSE": 0.7485,
    "MAE": 0.698
  }
}
