dataset=electricity M=112 P=24 ctx=384 h=96 train=5000 test=162
[done] snaive   {'MSE': 0.3418, 'MAE': 0.3341}
[done] smean    {'MSE': 0.2069, 'MAE': 0.2886}
WARNING: All log messages before absl::InitializeLog() is called are written to STDERR
E0000 00:00:1788186056.279291    8406 cuda_dnn.cc:8579] Unable to register cuDNN factory: Attempting to register factory for plugin cuDNN when one has already been registered
E0000 00:00:1788186056.285171    8406 cuda_blas.cc:1407] Unable to register cuBLAS factory: Attempting to register factory for plugin cuBLAS when one has already been registered
W0000 00:00:1788186056.300082    8406 computation_placer.cc:177] computation placer already registered. Please check linkage and avoid linking the same target more than once.
W0000 00:00:1788186056.300221    8406 computation_placer.cc:177] computation placer already registered. Please check linkage and avoid linking the same target more than once.
W0000 00:00:1788186056.300314    8406 computation_placer.cc:177] computation placer already registered. Please check linkage and avoid linking the same target more than once.
W0000 00:00:1788186056.300407    8406 computation_placer.cc:177] computation placer already registered. Please check linkage and avoid linking the same target more than once.
[info] renderer=period_trails readout=xattn pretrained=0 trainable=2959968/89187168
[info] ep0 step 0 loss 1.1803
[info] ep0 step 100 loss 1.0428
[info] ep0 step 200 loss 0.8147
[info] ep0 step 300 loss 0.8924
[info] epoch 0 train MSE 0.9065
[info] ep1 step 0 loss 0.7549
[info] ep1 step 100 loss 0.9439
[info] ep1 step 200 loss 0.9989
[info] ep1 step 300 loss 0.8976
[info] epoch 1 train MSE 0.8770
[done] model_rand  MSE=0.8452 MAE=0.7655  (smean 0.2069)
fatal: not a git repository (or any parent up to mount point /lambda/nfs)
Stopping at filesystem boundary (GIT_DISCOVERY_ACROSS_FILESYSTEM not set).
{
  "snaive": {
    "MSE": 0.3418,
    "MAE": 0.3341
  },
  "smean": {
    "MSE": 0.2069,
    "MAE": 0.2886
  },
  "model_rand": {
    "MSE": 0.8452,
    "MAE": 0.7655
  }
}
