dataset=electricity M=112 P=24 ctx=384 h=96 train=5000 test=162
[done] snaive   {'MSE': 0.3418, 'MAE': 0.3341}
[done] smean    {'MSE': 0.2069, 'MAE': 0.2886}
WARNING: All log messages before absl::InitializeLog() is called are written to STDERR
E0000 00:00:1788173477.858338    5928 cuda_dnn.cc:8579] Unable to register cuDNN factory: Attempting to register factory for plugin cuDNN when one has already been registered
E0000 00:00:1788173477.864294    5928 cuda_blas.cc:1407] Unable to register cuBLAS factory: Attempting to register factory for plugin cuBLAS when one has already been registered
W0000 00:00:1788173477.879340    5928 computation_placer.cc:177] computation placer already registered. Please check linkage and avoid linking the same target more than once.
W0000 00:00:1788173477.879477    5928 computation_placer.cc:177] computation placer already registered. Please check linkage and avoid linking the same target more than once.
W0000 00:00:1788173477.879585    5928 computation_placer.cc:177] computation placer already registered. Please check linkage and avoid linking the same target more than once.
W0000 00:00:1788173477.879678    5928 computation_placer.cc:177] computation placer already registered. Please check linkage and avoid linking the same target more than once.
[info] renderer=barcode_bilinear readout=xattn pretrained=0 trainable=2959968/89187168
[info] ep0 step 0 loss 1.2008
[info] ep0 step 100 loss 1.0474
[info] ep0 step 200 loss 0.8127
[info] ep0 step 300 loss 0.8796
[info] epoch 0 train MSE 0.9021
[info] ep1 step 0 loss 0.7432
[info] ep1 step 100 loss 0.9382
[info] ep1 step 200 loss 0.9605
[info] ep1 step 300 loss 0.8592
[info] epoch 1 train MSE 0.8562
[done] model_rand  MSE=0.8220 MAE=0.7566  (smean 0.2069)
fatal: not a git repository (or any parent up to mount point /lambda/nfs)
Stopping at filesystem boundary (GIT_DISCOVERY_ACROSS_FILESYSTEM not set).
{
  "snaive": {
    "MSE": 0.3418,
    "MAE": 0.3341
  },
  "smean": {
    "MSE": 0.2069,
    "MAE": 0.2886
  },
  "model_rand": {
    "MSE": 0.822,
    "MAE": 0.7566
  }
}
