dataset=electricity M=112 P=24 ctx=384 h=96 train=5000 test=162
[done] snaive   {'MSE': 0.3418, 'MAE': 0.3341}
[done] smean    {'MSE': 0.2069, 'MAE': 0.2886}
WARNING: All log messages before absl::InitializeLog() is called are written to STDERR
E0000 00:00:1788182714.143115    7676 cuda_dnn.cc:8579] Unable to register cuDNN factory: Attempting to register factory for plugin cuDNN when one has already been registered
E0000 00:00:1788182714.149057    7676 cuda_blas.cc:1407] Unable to register cuBLAS factory: Attempting to register factory for plugin cuBLAS when one has already been registered
W0000 00:00:1788182714.164302    7676 computation_placer.cc:177] computation placer already registered. Please check linkage and avoid linking the same target more than once.
W0000 00:00:1788182714.164452    7676 computation_placer.cc:177] computation placer already registered. Please check linkage and avoid linking the same target more than once.
W0000 00:00:1788182714.164567    7676 computation_placer.cc:177] computation placer already registered. Please check linkage and avoid linking the same target more than once.
W0000 00:00:1788182714.164672    7676 computation_placer.cc:177] computation placer already registered. Please check linkage and avoid linking the same target more than once.
[info] renderer=period_line readout=xattn pretrained=0 trainable=2959968/89187168
[info] ep0 step 0 loss 1.1792
[info] ep0 step 100 loss 1.0431
[info] ep0 step 200 loss 0.8146
[info] ep0 step 300 loss 0.8924
[info] epoch 0 train MSE 0.9065
[info] ep1 step 0 loss 0.7550
[info] ep1 step 100 loss 0.9440
[info] ep1 step 200 loss 0.9990
[info] ep1 step 300 loss 0.8976
[info] epoch 1 train MSE 0.8770
[done] model_rand  MSE=0.8452 MAE=0.7655  (smean 0.2069)
fatal: not a git repository (or any parent up to mount point /lambda/nfs)
Stopping at filesystem boundary (GIT_DISCOVERY_ACROSS_FILESYSTEM not set).
{
  "snaive": {
    "MSE": 0.3418,
    "MAE": 0.3341
  },
  "smean": {
    "MSE": 0.2069,
    "MAE": 0.2886
  },
  "model_rand": {
    "MSE": 0.8452,
    "MAE": 0.7655
  }
}
