/nyx-storage1/hanliu/miniconda3/envs/wm4ts/lib/python3.10/site-packages/transformers/utils/hub.py:128: FutureWarning: Using `TRANSFORMERS_CACHE` is deprecated and will be removed in v5 of Transformers. Use `HF_HOME` instead.
  warnings.warn(
lens params 308838 (<500k), backbone=pretrained
train pool: [('ETTh2', 1500), ('ETTm2', 1500)]
[info] step 0 loss 116.01745
[info] step 100 loss 1.31822
[info] step 200 loss 1.14823
[info] step 300 loss 0.57398
[info] step 400 loss 0.58139
[info] step 500 loss 0.37706
[info] step 600 loss 0.36207
[info] step 700 loss 0.41433
[info] step 800 loss 0.27456
[info] step 900 loss 0.30660
[info] step 1000 loss 0.24309
[info] step 1100 loss 0.17968
[info] step 1200 loss 0.20013
[info] step 1300 loss 0.18122
[info] step 1400 loss 0.17820
[done] ETTh1 lens=0.6239 causal=0.3984 visionts=0.4023
[done] ETTh2 lens=0.5228 causal=0.3248 visionts=0.3130
[done] ETTm2 lens=0.4641 causal=0.2615 visionts=0.2509
[done] electricity lens=0.5559 causal=0.2313 visionts=0.2014
[done] traffic lens=1.0705 causal=0.6018 visionts=0.5207
[done] solar lens=1.3083 causal=0.2415 visionts=0.2729
{
  "ETTh1": {
    "lens": 0.62392,
    "causal": 0.39836,
    "visionts": 0.4023480713367462,
    "smean": 0.4025617241859436,
    "snaive": 0.504264235496521
  },
  "ETTh2": {
    "lens": 0.522826,
    "causal": 0.324757,
    "visionts": 0.31297650933265686,
    "smean": 0.3453695476055145,
    "snaive": 0.3852261006832123
  },
  "ETTm2": {
    "lens": 0.464078,
    "causal": 0.261461,
    "visionts": 0.25085338950157166,
    "smean": 0.33005815744400024,
    "snaive": 0.26509442925453186
  },
  "electricity": {
    "lens": 0.555916,
    "causal": 0.231295,
    "visionts": 0.20135408639907837,
    "smean": 0.20692041516304016,
    "snaive": 0.33220574259757996
  },
  "traffic": {
    "lens": 1.070452,
    "causal": 0.6018,
    "visionts": 0.5206549167633057,
    "smean": 0.5105753540992737,
    "snaive": 0.9490860104560852
  },
  "solar": {
    "lens": 1.308329,
    "causal": 0.241539,
    "visionts": 0.2728644013404846,
    "smean": 0.19733230769634247,
    "snaive": 0.28514984250068665
  }
}
