/nyx-storage1/hanliu/miniconda3/envs/wm4ts/lib/python3.10/site-packages/transformers/utils/hub.py:128: FutureWarning: Using `TRANSFORMERS_CACHE` is deprecated and will be removed in v5 of Transformers. Use `HF_HOME` instead.
  warnings.warn(
lens params 308838 (<500k), backbone=pretrained
train pool: [('ETTh2', 1500), ('ETTm2', 1500)]
[info] step 0 loss 125.71595
[info] step 100 loss 2.74628
[info] step 200 loss 1.39443
[info] step 300 loss 0.71671
[info] step 400 loss 0.44624
[info] step 500 loss 0.49268
[info] step 600 loss 0.47040
[info] step 700 loss 0.21379
[info] step 800 loss 0.30524
[info] step 900 loss 0.17647
[info] step 1000 loss 0.35189
[info] step 1100 loss 0.17032
[info] step 1200 loss 0.17685
[info] step 1300 loss 0.21123
[info] step 1400 loss 0.19030
[done] ETTh1 lens=0.4293 causal=0.3959 visionts=0.4023
[done] ETTh2 lens=0.4157 causal=0.3233 visionts=0.3130
[done] ETTm2 lens=0.3347 causal=0.2420 visionts=0.2509
[done] electricity lens=0.3424 causal=0.2262 visionts=0.2014
[done] traffic lens=0.7598 causal=0.6051 visionts=0.5207
[done] solar lens=1.7280 causal=0.2497 visionts=0.2729
{
  "ETTh1": {
    "lens": 0.429332,
    "causal": 0.395947,
    "visionts": 0.4023480713367462,
    "smean": 0.4025617241859436,
    "snaive": 0.504264235496521
  },
  "ETTh2": {
    "lens": 0.415727,
    "causal": 0.323331,
    "visionts": 0.31297650933265686,
    "smean": 0.3453695476055145,
    "snaive": 0.3852261006832123
  },
  "ETTm2": {
    "lens": 0.334677,
    "causal": 0.242041,
    "visionts": 0.25085338950157166,
    "smean": 0.33005815744400024,
    "snaive": 0.26509442925453186
  },
  "electricity": {
    "lens": 0.342364,
    "causal": 0.226245,
    "visionts": 0.20135408639907837,
    "smean": 0.20692041516304016,
    "snaive": 0.33220574259757996
  },
  "traffic": {
    "lens": 0.759823,
    "causal": 0.605129,
    "visionts": 0.5206549167633057,
    "smean": 0.5105753540992737,
    "snaive": 0.9490860104560852
  },
  "solar": {
    "lens": 1.727962,
    "causal": 0.249693,
    "visionts": 0.2728644013404846,
    "smean": 0.19733230769634247,
    "snaive": 0.28514984250068665
  }
}
