/nyx-storage1/hanliu/miniconda3/envs/wm4ts/lib/python3.10/site-packages/transformers/utils/hub.py:128: FutureWarning: Using `TRANSFORMERS_CACHE` is deprecated and will be removed in v5 of Transformers. Use `HF_HOME` instead.
  warnings.warn(
lens params 308838 (<500k), backbone=random
train pool: [('ETTh2', 1500), ('ETTm2', 1500)]
[info] step 0 loss 125.71595
[info] step 100 loss 1.64333
[info] step 200 loss 0.19187
[info] step 300 loss 0.06528
[info] step 400 loss 0.12305
[info] step 500 loss 0.15283
[info] step 600 loss 0.14767
[info] step 700 loss 0.08684
[info] step 800 loss 0.12017
[info] step 900 loss 0.10070
[info] step 1000 loss 0.14839
[info] step 1100 loss 0.11354
[info] step 1200 loss 0.10233
[info] step 1300 loss 0.10524
[info] step 1400 loss 0.11831
[done] ETTh1 lens=0.5369 causal=0.4094 visionts=0.4023
[done] ETTh2 lens=0.4114 causal=0.3271 visionts=0.3130
[done] ETTm2 lens=0.3347 causal=0.2437 visionts=0.2509
[done] electricity lens=0.4179 causal=0.2536 visionts=0.2014
[done] traffic lens=0.8418 causal=0.6304 visionts=0.5207
[done] solar lens=1.6691 causal=0.2666 visionts=0.2729
{
  "ETTh1": {
    "lens": 0.53693,
    "causal": 0.409385,
    "visionts": 0.4023480713367462,
    "smean": 0.4025617241859436,
    "snaive": 0.504264235496521
  },
  "ETTh2": {
    "lens": 0.411392,
    "causal": 0.327137,
    "visionts": 0.31297650933265686,
    "smean": 0.3453695476055145,
    "snaive": 0.3852261006832123
  },
  "ETTm2": {
    "lens": 0.334671,
    "causal": 0.243727,
    "visionts": 0.25085338950157166,
    "smean": 0.33005815744400024,
    "snaive": 0.26509442925453186
  },
  "electricity": {
    "lens": 0.417867,
    "causal": 0.253636,
    "visionts": 0.20135408639907837,
    "smean": 0.20692041516304016,
    "snaive": 0.33220574259757996
  },
  "traffic": {
    "lens": 0.841846,
    "causal": 0.630438,
    "visionts": 0.5206549167633057,
    "smean": 0.5105753540992737,
    "snaive": 0.9490860104560852
  },
  "solar": {
    "lens": 1.669084,
    "causal": 0.266617,
    "visionts": 0.2728644013404846,
    "smean": 0.19733230769634247,
    "snaive": 0.28514984250068665
  }
}
